Archive member included to satisfy reference by file (symbol)

/usr/share/gcc-arm-none-eabi-10.3-2021.10/bin/../lib/gcc/arm-none-eabi/10.3.1/../../../../arm-none-eabi/lib/thumb/v7e-m+fp/hard/libc_nano.a(lib_a-assert.o)
                              build/esc_coe.o (__assert_func)
/usr/share/gcc-arm-none-eabi-10.3-2021.10/bin/../lib/gcc/arm-none-eabi/10.3.1/../../../../arm-none-eabi/lib/thumb/v7e-m+fp/hard/libc_nano.a(lib_a-exit.o)
                              /usr/share/gcc-arm-none-eabi-10.3-2021.10/bin/../lib/gcc/arm-none-eabi/10.3.1/../../../../arm-none-eabi/lib/thumb/v7e-m+fp/hard/crt0.o (exit)
/usr/share/gcc-arm-none-eabi-10.3-2021.10/bin/../lib/gcc/arm-none-eabi/10.3.1/../../../../arm-none-eabi/lib/thumb/v7e-m+fp/hard/libc_nano.a(lib_a-fprintf.o)
                              /usr/share/gcc-arm-none-eabi-10.3-2021.10/bin/../lib/gcc/arm-none-eabi/10.3.1/../../../../arm-none-eabi/lib/thumb/v7e-m+fp/hard/libc_nano.a(lib_a-assert.o) (fiprintf)
/usr/share/gcc-arm-none-eabi-10.3-2021.10/bin/../lib/gcc/arm-none-eabi/10.3.1/../../../../arm-none-eabi/lib/thumb/v7e-m+fp/hard/libc_nano.a(lib_a-impure.o)
                              /usr/share/gcc-arm-none-eabi-10.3-2021.10/bin/../lib/gcc/arm-none-eabi/10.3.1/../../../../arm-none-eabi/lib/thumb/v7e-m+fp/hard/libc_nano.a(lib_a-exit.o) (_global_impure_ptr)
/usr/share/gcc-arm-none-eabi-10.3-2021.10/bin/../lib/gcc/arm-none-eabi/10.3.1/../../../../arm-none-eabi/lib/thumb/v7e-m+fp/hard/libc_nano.a(lib_a-init.o)
                              /usr/share/gcc-arm-none-eabi-10.3-2021.10/bin/../lib/gcc/arm-none-eabi/10.3.1/../../../../arm-none-eabi/lib/thumb/v7e-m+fp/hard/crt0.o (__libc_init_array)
/usr/share/gcc-arm-none-eabi-10.3-2021.10/bin/../lib/gcc/arm-none-eabi/10.3.1/../../../../arm-none-eabi/lib/thumb/v7e-m+fp/hard/libc_nano.a(lib_a-memcpy-stub.o)
                              build/esc_coe.o (memcpy)
/usr/share/gcc-arm-none-eabi-10.3-2021.10/bin/../lib/gcc/arm-none-eabi/10.3.1/../../../../arm-none-eabi/lib/thumb/v7e-m+fp/hard/libc_nano.a(lib_a-memset.o)
                              /usr/share/gcc-arm-none-eabi-10.3-2021.10/bin/../lib/gcc/arm-none-eabi/10.3.1/../../../../arm-none-eabi/lib/thumb/v7e-m+fp/hard/crt0.o (memset)
/usr/share/gcc-arm-none-eabi-10.3-2021.10/bin/../lib/gcc/arm-none-eabi/10.3.1/../../../../arm-none-eabi/lib/thumb/v7e-m+fp/hard/libc_nano.a(lib_a-nano-vfprintf.o)
                              /usr/share/gcc-arm-none-eabi-10.3-2021.10/bin/../lib/gcc/arm-none-eabi/10.3.1/../../../../arm-none-eabi/lib/thumb/v7e-m+fp/hard/libc_nano.a(lib_a-fprintf.o) (_vfprintf_r)
/usr/share/gcc-arm-none-eabi-10.3-2021.10/bin/../lib/gcc/arm-none-eabi/10.3.1/../../../../arm-none-eabi/lib/thumb/v7e-m+fp/hard/libc_nano.a(lib_a-nano-vfprintf_i.o)
                              /usr/share/gcc-arm-none-eabi-10.3-2021.10/bin/../lib/gcc/arm-none-eabi/10.3.1/../../../../arm-none-eabi/lib/thumb/v7e-m+fp/hard/libc_nano.a(lib_a-nano-vfprintf.o) (_printf_i)
/usr/share/gcc-arm-none-eabi-10.3-2021.10/bin/../lib/gcc/arm-none-eabi/10.3.1/../../../../arm-none-eabi/lib/thumb/v7e-m+fp/hard/libc_nano.a(lib_a-printf.o)
                              build/main.o (printf)
/usr/share/gcc-arm-none-eabi-10.3-2021.10/bin/../lib/gcc/arm-none-eabi/10.3.1/../../../../arm-none-eabi/lib/thumb/v7e-m+fp/hard/libc_nano.a(lib_a-puts.o)
                              build/main.o (puts)
/usr/share/gcc-arm-none-eabi-10.3-2021.10/bin/../lib/gcc/arm-none-eabi/10.3.1/../../../../arm-none-eabi/lib/thumb/v7e-m+fp/hard/libc_nano.a(lib_a-strncmp.o)
                              build/esc_foe.o (strncmp)
/usr/share/gcc-arm-none-eabi-10.3-2021.10/bin/../lib/gcc/arm-none-eabi/10.3.1/../../../../arm-none-eabi/lib/thumb/v7e-m+fp/hard/libc_nano.a(lib_a-wbuf.o)
                              /usr/share/gcc-arm-none-eabi-10.3-2021.10/bin/../lib/gcc/arm-none-eabi/10.3.1/../../../../arm-none-eabi/lib/thumb/v7e-m+fp/hard/libc_nano.a(lib_a-nano-vfprintf.o) (__swbuf_r)
/usr/share/gcc-arm-none-eabi-10.3-2021.10/bin/../lib/gcc/arm-none-eabi/10.3.1/../../../../arm-none-eabi/lib/thumb/v7e-m+fp/hard/libc_nano.a(lib_a-wsetup.o)
                              /usr/share/gcc-arm-none-eabi-10.3-2021.10/bin/../lib/gcc/arm-none-eabi/10.3.1/../../../../arm-none-eabi/lib/thumb/v7e-m+fp/hard/libc_nano.a(lib_a-nano-vfprintf.o) (__swsetup_r)
/usr/share/gcc-arm-none-eabi-10.3-2021.10/bin/../lib/gcc/arm-none-eabi/10.3.1/../../../../arm-none-eabi/lib/thumb/v7e-m+fp/hard/libc_nano.a(lib_a-abort.o)
                              /usr/share/gcc-arm-none-eabi-10.3-2021.10/bin/../lib/gcc/arm-none-eabi/10.3.1/../../../../arm-none-eabi/lib/thumb/v7e-m+fp/hard/libc_nano.a(lib_a-assert.o) (abort)
/usr/share/gcc-arm-none-eabi-10.3-2021.10/bin/../lib/gcc/arm-none-eabi/10.3.1/../../../../arm-none-eabi/lib/thumb/v7e-m+fp/hard/libc_nano.a(lib_a-fflush.o)
                              /usr/share/gcc-arm-none-eabi-10.3-2021.10/bin/../lib/gcc/arm-none-eabi/10.3.1/../../../../arm-none-eabi/lib/thumb/v7e-m+fp/hard/libc_nano.a(lib_a-wbuf.o) (_fflush_r)
[...]
Memory Configuration

Name             Origin             Length             Attributes
RAM              0x0000000020000000 0x0000000000020000 xrw
CCMRAM           0x0000000010000000 0x0000000000010000 xrw
FLASH            0x0000000008000000 0x0000000000100000 xr
*default*        0x0000000000000000 0xffffffffffffffff

Linker script and memory map

LOAD /usr/share/gcc-arm-none-eabi-10.3-2021.10/bin/../lib/gcc/arm-none-eabi/10.3.1/thumb/v7e-m+fp/hard/crti.o
LOAD /usr/share/gcc-arm-none-eabi-10.3-2021.10/bin/../lib/gcc/arm-none-eabi/10.3.1/thumb/v7e-m+fp/hard/crtbegin.o
LOAD /usr/share/gcc-arm-none-eabi-10.3-2021.10/bin/../lib/gcc/arm-none-eabi/10.3.1/../../../../arm-none-eabi/lib/thumb/v7e-m+fp/hard/crt0.o
LOAD build/ecatapp.o
LOAD build/main.o
LOAD build/pdo_override.o
LOAD build/misc.o
LOAD build/stm32f4xx_adc.o
LOAD build/stm32f4xx_can.o
LOAD build/stm32f4xx_cec.o
LOAD build/stm32f4xx_crc.o
LOAD build/stm32f4xx_cryp.o
LOAD build/stm32f4xx_cryp_aes.o
LOAD build/stm32f4xx_cryp_des.o
LOAD build/stm32f4xx_cryp_tdes.o
LOAD build/stm32f4xx_dac.o
LOAD build/stm32f4xx_dbgmcu.o
LOAD build/stm32f4xx_dcmi.o
LOAD build/stm32f4xx_dma.o
LOAD build/stm32f4xx_dma2d.o
LOAD build/stm32f4xx_dsi.o
LOAD build/stm32f4xx_exti.o
LOAD build/stm32f4xx_flash.o
LOAD build/stm32f4xx_flash_ramfunc.o
LOAD build/stm32f4xx_fmpi2c.o
LOAD build/stm32f4xx_fsmc.o
LOAD build/stm32f4xx_gpio.o
LOAD build/stm32f4xx_hash.o
LOAD build/stm32f4xx_hash_md5.o
LOAD build/stm32f4xx_hash_sha1.o
LOAD build/stm32f4xx_i2c.o
LOAD build/stm32f4xx_iwdg.o
LOAD build/stm32f4xx_lptim.o
LOAD build/stm32f4xx_ltdc.o
LOAD build/stm32f4xx_pwr.o
LOAD build/stm32f4xx_qspi.o
LOAD build/stm32f4xx_rcc.o
LOAD build/stm32f4xx_rng.o
LOAD build/stm32f4xx_rtc.o
LOAD build/stm32f4xx_sai.o
LOAD build/stm32f4xx_sdio.o
LOAD build/stm32f4xx_spdifrx.o
LOAD build/stm32f4xx_spi.o
LOAD build/stm32f4xx_syscfg.o
LOAD build/stm32f4xx_tim.o
LOAD build/stm32f4xx_usart.o
LOAD build/stm32f4xx_wwdg.o
LOAD build/bsp_led.o
LOAD build/bsp_tim3.o
LOAD build/delay.o
LOAD build/stm32f4_discovery.o
LOAD build/system_stm32f4xx.o
LOAD build/cia402device.o
LOAD build/objectlist.o
LOAD build/esc_hw.o
LOAD build/ecat_slv.o
LOAD build/esc.o
LOAD build/esc_coe.o
LOAD build/esc_eep.o
LOAD build/esc_eoe.o
LOAD build/esc_foe.o
LOAD build/esc_irq.o
LOAD build/rst.o
LOAD build/spi.o
LOAD build/startup_stm32f405xx.o
LOAD /usr/share/gcc-arm-none-eabi-10.3-2021.10/bin/../lib/gcc/arm-none-eabi/10.3.1/../../../../arm-none-eabi/lib/thumb/v7e-m+fp/hard/libc_nano.a
LOAD /usr/share/gcc-arm-none-eabi-10.3-2021.10/bin/../lib/gcc/arm-none-eabi/10.3.1/../../../../arm-none-eabi/lib/thumb/v7e-m+fp/hard/libm.a
LOAD /usr/share/gcc-arm-none-eabi-10.3-2021.10/bin/../lib/gcc/arm-none-eabi/10.3.1/../../../../arm-none-eabi/lib/thumb/v7e-m+fp/hard/libnosys.a
START GROUP
LOAD /usr/share/gcc-arm-none-eabi-10.3-2021.10/bin/../lib/gcc/arm-none-eabi/10.3.1/thumb/v7e-m+fp/hard/libgcc.a
LOAD /usr/share/gcc-arm-none-eabi-10.3-2021.10/bin/../lib/gcc/arm-none-eabi/10.3.1/../../../../arm-none-eabi/lib/thumb/v7e-m+fp/hard/libc_nano.a
END GROUP
START GROUP
LOAD /usr/share/gcc-arm-none-eabi-10.3-2021.10/bin/../lib/gcc/arm-none-eabi/10.3.1/thumb/v7e-m+fp/hard/libgcc.a
LOAD /usr/share/gcc-arm-none-eabi-10.3-2021.10/bin/../lib/gcc/arm-none-eabi/10.3.1/../../../../arm-none-eabi/lib/thumb/v7e-m+fp/hard/libc_nano.a
END GROUP
LOAD /usr/share/gcc-arm-none-eabi-10.3-2021.10/bin/../lib/gcc/arm-none-eabi/10.3.1/thumb/v7e-m+fp/hard/crtend.o
LOAD /usr/share/gcc-arm-none-eabi-10.3-2021.10/bin/../lib/gcc/arm-none-eabi/10.3.1/thumb/v7e-m+fp/hard/crtn.o
                0x0000000020020000                _estack = (ORIGIN (RAM) + LENGTH (RAM))
                0x0000000000000200                _Min_Heap_Size = 0x200
                0x0000000000000400                _Min_Stack_Size = 0x400

.isr_vector     0x0000000008000000      0x188
                0x0000000008000000                . = ALIGN (0x4)
 *(.isr_vector)
 .isr_vector    0x0000000008000000      0x188 build/startup_stm32f405xx.o
                0x0000000008000000                g_pfnVectors
                0x0000000008000188                . = ALIGN (0x4)

.text           0x0000000008000190     0x55cc
                0x0000000008000190                . = ALIGN (0x4)
 *(.text)
 .text          0x0000000008000190       0x40 /usr/share/gcc-arm-none-eabi-10.3-2021.10/bin/../lib/gcc/arm-none-eabi/10.3.1/thumb/v7e-m+fp/hard/crtbegin.o
 .text          0x00000000080001d0       0xa0 /usr/share/gcc-arm-none-eabi-10.3-2021.10/bin/../lib/gcc/arm-none-eabi/10.3.1/../../../../arm-none-eabi/lib/thumb/v7e-m+fp/hard/libc_nano.a(lib_a-memchr.o)
                0x00000000080001d0                memchr
 *(.text*)
 .text.app_cia402_init
                0x0000000008000270       0x18 build/ecatapp.o
                0x0000000008000270                app_cia402_init
 .text.app_cia402_mc
                0x0000000008000288       0x1c build/ecatapp.o
                0x0000000008000288                app_cia402_mc
 .text.check_dc_handler
                0x00000000080002a4       0x40 build/ecatapp.o
                0x00000000080002a4                check_dc_handler
 .text.ecatapp  0x00000000080002e4       0x18 build/ecatapp.o
                0x00000000080002e4                ecatapp
 .text.EXTI1_IRQHandler
                0x00000000080002fc       0x20 build/ecatapp.o
                0x00000000080002fc                EXTI1_IRQHandler
 .text.EXTI3_IRQHandler
                0x000000000800031c       0x20 build/ecatapp.o
                0x000000000800031c                EXTI3_IRQHandler
 .text.ecatapp_init
                0x000000000800033c       0x1c build/ecatapp.o
                0x000000000800033c                ecatapp_init
 .text.cb_get_inputs
                0x0000000008000358        0x2 build/ecatapp.o
                0x0000000008000358                cb_get_inputs
 .text.cb_set_outputs
                0x000000000800035a        0x2 build/ecatapp.o
                0x000000000800035a                cb_set_outputs
 .text.ecatapp_loop
                0x000000000800035c       0x6c build/ecatapp.o
                0x000000000800035c                ecatapp_loop
 .text.main     0x00000000080003c8       0x6c build/main.o
                0x00000000080003c8                main
 .text.spi_dma_prepare_transmission
                0x0000000008000434       0x22 build/pdo_override.o
                0x0000000008000434                spi_dma_prepare_transmission
 *fill*         0x0000000008000456        0x2 
 .text.DMA2_Stream2_IRQHandler
                0x0000000008000458       0x2c build/pdo_override.o
                0x0000000008000458                DMA2_Stream2_IRQHandler
 .text.spi_dma_setup
                0x0000000008000484       0xb8 build/pdo_override.o
                0x0000000008000484                spi_dma_setup
 .text.spi_dma_start
                0x000000000800053c       0x54 build/pdo_override.o
                0x000000000800053c                spi_dma_start
 .text.spi_dma_stop
                0x0000000008000590       0x54 build/pdo_override.o
                0x0000000008000590                spi_dma_stop
 .text.spi_dma_rxpdo_start
                0x00000000080005e4       0x28 build/pdo_override.o
                0x00000000080005e4                spi_dma_rxpdo_start
 .text.spi_dma_txpdo_start
                0x000000000800060c       0x1c build/pdo_override.o
                0x000000000800060c                spi_dma_txpdo_start
 .text.init_override
                0x0000000008000628        0xc build/pdo_override.o
                0x0000000008000628                init_override
 .text.on_rxpdo_transfer_finished
                0x0000000008000634       0x34 build/pdo_override.o
                0x0000000008000634                on_rxpdo_transfer_finished
 .text.rxpdo_override
                0x0000000008000668       0x1c build/pdo_override.o
                0x0000000008000668                rxpdo_override
 .text.on_txpdo_transfer_finished
                0x0000000008000684       0x1c build/pdo_override.o
                0x0000000008000684                on_txpdo_transfer_finished
 .text.txpdo_override
                0x00000000080006a0       0x38 build/pdo_override.o
                0x00000000080006a0                txpdo_override
 .text.NVIC_PriorityGroupConfig
                0x00000000080006d8       0x14 build/misc.o
                0x00000000080006d8                NVIC_PriorityGroupConfig
 .text.NVIC_Init
                0x00000000080006ec       0x64 build/misc.o
                0x00000000080006ec                NVIC_Init
 .text.DMA_DeInit
                0x0000000008000750      0x158 build/stm32f4xx_dma.o
                0x0000000008000750                DMA_DeInit
 .text.DMA_Init
                0x00000000080008a8       0x58 build/stm32f4xx_dma.o
                0x00000000080008a8                DMA_Init
 .text.DMA_StructInit
                0x0000000008000900       0x22 build/stm32f4xx_dma.o
                0x0000000008000900                DMA_StructInit
 .text.DMA_Cmd  0x0000000008000922       0x16 build/stm32f4xx_dma.o
                0x0000000008000922                DMA_Cmd
 .text.DMA_GetCmdStatus
                0x0000000008000938       0x10 build/stm32f4xx_dma.o
                0x0000000008000938                DMA_GetCmdStatus
 .text.DMA_ClearFlag
                0x0000000008000948       0x34 build/stm32f4xx_dma.o
                0x0000000008000948                DMA_ClearFlag
 .text.DMA_ITConfig
                0x000000000800097c       0x3a build/stm32f4xx_dma.o
                0x000000000800097c                DMA_ITConfig
 *fill*         0x00000000080009b6        0x2 
 .text.DMA_GetITStatus
                0x00000000080009b8       0x60 build/stm32f4xx_dma.o
                0x00000000080009b8                DMA_GetITStatus
 .text.DMA_ClearITPendingBit
                0x0000000008000a18       0x34 build/stm32f4xx_dma.o
                0x0000000008000a18                DMA_ClearITPendingBit
 .text.EXTI_Init
                0x0000000008000a4c       0x90 build/stm32f4xx_exti.o
                0x0000000008000a4c                EXTI_Init
 .text.EXTI_GetITStatus
                0x0000000008000adc       0x14 build/stm32f4xx_exti.o
                0x0000000008000adc                EXTI_GetITStatus
 .text.EXTI_ClearITPendingBit
                0x0000000008000af0        0xc build/stm32f4xx_exti.o
                0x0000000008000af0                EXTI_ClearITPendingBit
 .text.GPIO_Init
                0x0000000008000afc       0xa6 build/stm32f4xx_gpio.o
                0x0000000008000afc                GPIO_Init
 .text.GPIO_SetBits
                0x0000000008000ba2        0x4 build/stm32f4xx_gpio.o
                0x0000000008000ba2                GPIO_SetBits
 .text.GPIO_ResetBits
                0x0000000008000ba6        0x4 build/stm32f4xx_gpio.o
                0x0000000008000ba6                GPIO_ResetBits
 .text.GPIO_PinAFConfig
                0x0000000008000baa       0x34 build/stm32f4xx_gpio.o
                0x0000000008000baa                GPIO_PinAFConfig
 *fill*         0x0000000008000bde        0x2 
 .text.RCC_AHB1PeriphClockCmd
                0x0000000008000be0       0x1c build/stm32f4xx_rcc.o
                0x0000000008000be0                RCC_AHB1PeriphClockCmd
 .text.RCC_APB1PeriphClockCmd
                0x0000000008000bfc       0x1c build/stm32f4xx_rcc.o
                0x0000000008000bfc                RCC_APB1PeriphClockCmd
 .text.RCC_APB2PeriphClockCmd
                0x0000000008000c18       0x1c build/stm32f4xx_rcc.o
                0x0000000008000c18                RCC_APB2PeriphClockCmd
 .text.RCC_APB1PeriphResetCmd
                0x0000000008000c34       0x1c build/stm32f4xx_rcc.o
                0x0000000008000c34                RCC_APB1PeriphResetCmd
 .text.RCC_APB2PeriphResetCmd
                0x0000000008000c50       0x1c build/stm32f4xx_rcc.o
                0x0000000008000c50                RCC_APB2PeriphResetCmd
 .text.SPI_I2S_DeInit
                0x0000000008000c6c       0xc4 build/stm32f4xx_spi.o
                0x0000000008000c6c                SPI_I2S_DeInit
 .text.SPI_Init
                0x0000000008000d30       0x4e build/stm32f4xx_spi.o
                0x0000000008000d30                SPI_Init
 .text.SPI_Cmd  0x0000000008000d7e       0x1c build/stm32f4xx_spi.o
                0x0000000008000d7e                SPI_Cmd
 .text.SPI_I2S_ReceiveData
                0x0000000008000d9a        0x6 build/stm32f4xx_spi.o
                0x0000000008000d9a                SPI_I2S_ReceiveData
 .text.SPI_I2S_SendData
                0x0000000008000da0        0x4 build/stm32f4xx_spi.o
                0x0000000008000da0                SPI_I2S_SendData
 .text.SPI_I2S_DMACmd
                0x0000000008000da4       0x18 build/stm32f4xx_spi.o
                0x0000000008000da4                SPI_I2S_DMACmd
 .text.SPI_I2S_GetFlagStatus
                0x0000000008000dbc        0xe build/stm32f4xx_spi.o
                0x0000000008000dbc                SPI_I2S_GetFlagStatus
 *fill*         0x0000000008000dca        0x2 
 .text.SYSCFG_EXTILineConfig
                0x0000000008000dcc       0x38 build/stm32f4xx_syscfg.o
                0x0000000008000dcc                SYSCFG_EXTILineConfig
 .text.SysTick_Handler
                0x0000000008000e04       0x10 build/delay.o
                0x0000000008000e04                SysTick_Handler
 .text.delay_init
                0x0000000008000e14       0x60 build/delay.o
                0x0000000008000e14                delay_init
 .text.STM_EVAL_PBInit
                0x0000000008000e74       0x78 build/stm32f4_discovery.o
                0x0000000008000e74                STM_EVAL_PBInit
 .text.SetSysClock
                0x0000000008000eec       0xc4 build/system_stm32f4xx.o
 .text.SystemInit
                0x0000000008000fb0       0x50 build/system_stm32f4xx.o
                0x0000000008000fb0                SystemInit
 .text.cia402_init
                0x0000000008001000       0x10 build/cia402device.o
                0x0000000008001000                cia402_init
 .text.is_command
                0x0000000008001010       0x52 build/cia402device.o
                0x0000000008001010                is_command
 .text.cia402_state_machine
                0x0000000008001062      0x2be build/cia402device.o
                0x0000000008001062                cia402_state_machine
 .text.esc_address
                0x0000000008001320       0x3c build/esc_hw.o
 .text.ESC_read
                0x000000000800135c       0x48 build/esc_hw.o
                0x000000000800135c                ESC_read
 .text.ESC_write
                0x00000000080013a4       0x34 build/esc_hw.o
                0x00000000080013a4                ESC_write
 .text.ESC_init
                0x00000000080013d8       0x28 build/esc_hw.o
                0x00000000080013d8                ESC_init
 .text.ESC_interrupt_enable
                0x0000000008001400       0x24 build/esc_hw.o
                0x0000000008001400                ESC_interrupt_enable
 .text.ESC_interrupt_disable
                0x0000000008001424       0x26 build/esc_hw.o
                0x0000000008001424                ESC_interrupt_disable
 *fill*         0x000000000800144a        0x2 
 .text.ESC_enable_DC
                0x000000000800144c       0xd4 build/esc_hw.o
                0x000000000800144c                ESC_enable_DC
 .text.ESC_download_pre_objecthandler
                0x0000000008001520       0x7c build/ecat_slv.o
                0x0000000008001520                ESC_download_pre_objecthandler
 .text.ESC_download_post_objecthandler
                0x000000000800159c       0x14 build/ecat_slv.o
                0x000000000800159c                ESC_download_post_objecthandler
 .text.ESC_upload_pre_objecthandler
                0x00000000080015b0       0x20 build/ecat_slv.o
                0x00000000080015b0                ESC_upload_pre_objecthandler
 .text.ESC_upload_post_objecthandler
                0x00000000080015d0       0x14 build/ecat_slv.o
                0x00000000080015d0                ESC_upload_post_objecthandler
 .text.APP_safeoutput
                0x00000000080015e4       0x10 build/ecat_slv.o
                0x00000000080015e4                APP_safeoutput
 .text.TXPDO_update
                0x00000000080015f4       0x38 build/ecat_slv.o
                0x00000000080015f4                TXPDO_update
 .text.RXPDO_update
                0x000000000800162c       0x38 build/ecat_slv.o
                0x000000000800162c                RXPDO_update
 .text.APP_setwatchdog
                0x0000000008001664       0x14 build/ecat_slv.o
                0x0000000008001664                APP_setwatchdog
 .text.DIG_process
                0x0000000008001678      0x130 build/ecat_slv.o
                0x0000000008001678                DIG_process
 .text.ecat_slv_poll
                0x00000000080017a8       0x40 build/ecat_slv.o
                0x00000000080017a8                ecat_slv_poll
 .text.ecat_slv_init
                0x00000000080017e8       0x58 build/ecat_slv.o
                0x00000000080017e8                ecat_slv_init
 .text.ESC_check_id_request
                0x0000000008001840       0x4e build/esc.o
 *fill*         0x000000000800188e        0x2 
 .text.ESC_ALerror
                0x0000000008001890       0x28 build/esc.o
                0x0000000008001890                ESC_ALerror
 .text.ESC_load_device_id
                0x00000000080018b8       0x40 build/esc.o
 .text.ESC_ALstatus
                0x00000000080018f8       0x28 build/esc.o
                0x00000000080018f8                ESC_ALstatus
 .text.ESC_ALeventmaskwrite
                0x0000000008001920       0x1a build/esc.o
                0x0000000008001920                ESC_ALeventmaskwrite
 .text.ESC_ALeventmaskread
                0x000000000800193a       0x1a build/esc.o
                0x000000000800193a                ESC_ALeventmaskread
 .text.ESC_SMack
                0x0000000008001954       0x1a build/esc.o
                0x0000000008001954                ESC_SMack
 *fill*         0x000000000800196e        0x2 
 .text.ESC_SMstatus
                0x0000000008001970       0x20 build/esc.o
                0x0000000008001970                ESC_SMstatus
 .text.ESC_SMwritepdi
                0x0000000008001990       0x20 build/esc.o
                0x0000000008001990                ESC_SMwritepdi
 .text.ESC_SMenable
                0x00000000080019b0       0x20 build/esc.o
                0x00000000080019b0                ESC_SMenable
 .text.ESC_SMdisable
                0x00000000080019d0       0x20 build/esc.o
                0x00000000080019d0                ESC_SMdisable
 .text.ESC_address
                0x00000000080019f0       0x14 build/esc.o
                0x00000000080019f0                ESC_address
 .text.ESC_SYNCactivation
                0x0000000008001a04       0x1c build/esc.o
                0x0000000008001a04                ESC_SYNCactivation
 .text.ESC_checkDC
                0x0000000008001a20       0x2c build/esc.o
                0x0000000008001a20                ESC_checkDC
 .text.ESC_checkmbx
                0x0000000008001a4c       0xbc build/esc.o
                0x0000000008001a4c                ESC_checkmbx
 .text.ESC_startmbx
                0x0000000008001b08       0x68 build/esc.o
                0x0000000008001b08                ESC_startmbx
 .text.ESC_startmbxboot
                0x0000000008001b70       0x6c build/esc.o
                0x0000000008001b70                ESC_startmbxboot
 .text.ESC_stopmbx
                0x0000000008001bdc       0x6c build/esc.o
                0x0000000008001bdc                ESC_stopmbx
 .text.ESC_readmbx
                0x0000000008001c48       0x74 build/esc.o
                0x0000000008001c48                ESC_readmbx
 .text.ESC_writembx
                0x0000000008001cbc       0x5c build/esc.o
                0x0000000008001cbc                ESC_writembx
 .text.ESC_ackmbxread
                0x0000000008001d18       0x28 build/esc.o
                0x0000000008001d18                ESC_ackmbxread
 .text.ESC_claimbuffer
                0x0000000008001d40       0x80 build/esc.o
                0x0000000008001d40                ESC_claimbuffer
 .text.ESC_outreqbuffer
                0x0000000008001dc0       0x18 build/esc.o
                0x0000000008001dc0                ESC_outreqbuffer
 .text.MBX_error
                0x0000000008001dd8       0x50 build/esc.o
                0x0000000008001dd8                MBX_error
 .text.ESC_mbxprocess
                0x0000000008001e28      0x1cc build/esc.o
                0x0000000008001e28                ESC_mbxprocess
 .text.ESC_xoeprocess
                0x0000000008001ff4       0x50 build/esc.o
                0x0000000008001ff4                ESC_xoeprocess
 .text.ESC_checkSM23
                0x0000000008002044       0xf4 build/esc.o
                0x0000000008002044                ESC_checkSM23
 .text.ESC_startinput
                0x0000000008002138       0xbc build/esc.o
                0x0000000008002138                ESC_startinput
 .text.ESC_stopinput
                0x00000000080021f4       0x38 build/esc.o
                0x00000000080021f4                ESC_stopinput
 .text.ESC_startoutput
                0x000000000800222c       0x3c build/esc.o
                0x000000000800222c                ESC_startoutput
 .text.ESC_stopoutput
                0x0000000008002268       0x2c build/esc.o
                0x0000000008002268                ESC_stopoutput
 .text.ESC_ALstatusgotoerror
                0x0000000008002294       0x7c build/esc.o
                0x0000000008002294                ESC_ALstatusgotoerror
 .text.ESC_sm_act_event
                0x0000000008002310      0x114 build/esc.o
                0x0000000008002310                ESC_sm_act_event
 .text.ESC_state
                0x0000000008002424      0x3a8 build/esc.o
                0x0000000008002424                ESC_state
 .text.ESC_config
                0x00000000080027cc       0x9c build/esc.o
                0x00000000080027cc                ESC_config
 .text.init_coesdo
                0x0000000008002868       0x2e build/esc_coe.o
 .text.COE_bitsliceGet
                0x0000000008002896       0xa4 build/esc_coe.o
 .text.COE_bitsliceSet
                0x000000000800293a      0x112 build/esc_coe.o
 .text.COE_setValue
                0x0000000008002a4c       0x5e build/esc_coe.o
 *fill*         0x0000000008002aaa        0x2 
 .text.SDO_getodlistcont
                0x0000000008002aac       0xd0 build/esc_coe.o
 .text.SDO_infoerror
                0x0000000008002b7c       0x6c build/esc_coe.o
 .text.SDO_getodlist
                0x0000000008002be8      0x13c build/esc_coe.o
 .text.SDO_abort
                0x0000000008002d24       0x64 build/esc_coe.o
 .text.set_state_idle
                0x0000000008002d88       0x20 build/esc_coe.o
 .text.copy2mbx
                0x0000000008002da8        0xe build/esc_coe.o
 *fill*         0x0000000008002db6        0x2 
 .text.SDO_uploadsegment
                0x0000000008002db8      0x100 build/esc_coe.o
 .text.complete_access_subindex_loop
                0x0000000008002eb8      0x170 build/esc_coe.o
 .text.COE_getValue
                0x0000000008003028       0x80 build/esc_coe.o
 .text.SDO_findsubindex
                0x00000000080030a8       0x58 build/esc_coe.o
                0x00000000080030a8                SDO_findsubindex
 .text.SDO_findobject
                0x0000000008003100       0x20 build/esc_coe.o
                0x0000000008003100                SDO_findobject
 .text.complete_access_get_variables
                0x0000000008003120       0x4c build/esc_coe.o
 .text.SDO_upload_complete_access
                0x000000000800316c      0x208 build/esc_coe.o
 .text.SDO_download_complete_access
                0x0000000008003374      0x1d4 build/esc_coe.o
 .text.SDO_upload
                0x0000000008003548      0x214 build/esc_coe.o
 .text.SDO_download
                0x000000000800375c      0x21c build/esc_coe.o
 .text.SDO_downloadsegment
                0x0000000008003978      0x158 build/esc_coe.o
 .text.SDO_getod
                0x0000000008003ad0      0x12c build/esc_coe.o
 .text.SDO_geted
                0x0000000008003bfc       0xf0 build/esc_coe.o
 .text.sizeOfPDO
                0x0000000008003cec      0x188 build/esc_coe.o
                0x0000000008003cec                sizeOfPDO
 .text.ESC_coeprocess
                0x0000000008003e74      0x150 build/esc_coe.o
                0x0000000008003e74                ESC_coeprocess
 .text.COE_initDefaultValues
                0x0000000008003fc4       0x6c build/esc_coe.o
                0x0000000008003fc4                COE_initDefaultValues
 .text.COE_pdoPack
                0x0000000008004030       0x78 build/esc_coe.o
                0x0000000008004030                COE_pdoPack
 .text.COE_pdoUnpack
                0x00000000080040a8       0x70 build/esc_coe.o
                0x00000000080040a8                COE_pdoUnpack
 .text.COE_maxSub
                0x0000000008004118       0x28 build/esc_coe.o
                0x0000000008004118                COE_maxSub
 .text.EXTILine0_Config
                0x0000000008004140       0x74 build/esc_irq.o
                0x0000000008004140                EXTILine0_Config
 .text.EXTILine0_Disable
                0x00000000080041b4       0x4c build/esc_irq.o
                0x00000000080041b4                EXTILine0_Disable
 .text.EXTILine8_Config
                0x0000000008004200       0x78 build/esc_irq.o
                0x0000000008004200                EXTILine8_Config
 .text.EXTILine8_Disable
                0x0000000008004278       0x50 build/esc_irq.o
                0x0000000008004278                EXTILine8_Disable
 .text.rst_high
                0x00000000080042c8       0x10 build/rst.o
                0x00000000080042c8                rst_high
 .text.rst_setup
                0x00000000080042d8       0x3c build/rst.o
                0x00000000080042d8                rst_setup
 .text.spi_gpio_setup
                0x0000000008004314       0xc4 build/spi.o
                0x0000000008004314                spi_gpio_setup
 .text.spi_setup
                0x00000000080043d8       0x70 build/spi.o
                0x00000000080043d8                spi_setup
 .text.spi_select
                0x0000000008004448       0x14 build/spi.o
                0x0000000008004448                spi_select
 .text.spi_unselect
                0x000000000800445c       0x14 build/spi.o
                0x000000000800445c                spi_unselect
 .text.spi_write
                0x0000000008004470       0x30 build/spi.o
                0x0000000008004470                spi_write
 .text.spi_bidirectionally_transfer
                0x00000000080044a0       0x3c build/spi.o
                0x00000000080044a0                spi_bidirectionally_transfer
 .text.Reset_Handler
                0x00000000080044dc       0x50 build/startup_stm32f405xx.o
                0x00000000080044dc                Reset_Handler
 .text.Default_Handler
                0x000000000800452c        0x2 build/startup_stm32f405xx.o
                0x000000000800452c                RTC_Alarm_IRQHandler
                0x000000000800452c                HASH_RNG_IRQHandler
                0x000000000800452c                EXTI2_IRQHandler
                0x000000000800452c                TIM8_CC_IRQHandler
                0x000000000800452c                DebugMon_Handler
                0x000000000800452c                TIM1_CC_IRQHandler
                0x000000000800452c                DMA2_Stream5_IRQHandler
                0x000000000800452c                HardFault_Handler
                0x000000000800452c                DMA1_Stream5_IRQHandler
                0x000000000800452c                PVD_IRQHandler
                0x000000000800452c                SDIO_IRQHandler
                0x000000000800452c                TAMP_STAMP_IRQHandler
                0x000000000800452c                PendSV_Handler
                0x000000000800452c                NMI_Handler
                0x000000000800452c                CAN2_RX1_IRQHandler
                0x000000000800452c                TIM8_TRG_COM_TIM14_IRQHandler
                0x000000000800452c                TIM1_UP_TIM10_IRQHandler
                0x000000000800452c                TIM8_UP_TIM13_IRQHandler
                0x000000000800452c                I2C3_ER_IRQHandler
                0x000000000800452c                EXTI0_IRQHandler
                0x000000000800452c                I2C2_EV_IRQHandler
                0x000000000800452c                DMA1_Stream2_IRQHandler
                0x000000000800452c                CAN1_RX0_IRQHandler
                0x000000000800452c                FPU_IRQHandler
                0x000000000800452c                OTG_HS_WKUP_IRQHandler
                0x000000000800452c                UsageFault_Handler
                0x000000000800452c                CAN2_SCE_IRQHandler
                0x000000000800452c                SPI1_IRQHandler
                0x000000000800452c                TIM6_DAC_IRQHandler
                0x000000000800452c                TIM1_BRK_TIM9_IRQHandler
                0x000000000800452c                CAN2_RX0_IRQHandler
                0x000000000800452c                DMA2_Stream3_IRQHandler
                0x000000000800452c                USART6_IRQHandler
                0x000000000800452c                USART3_IRQHandler
                0x000000000800452c                CAN1_RX1_IRQHandler
                0x000000000800452c                UART5_IRQHandler
                0x000000000800452c                DMA2_Stream0_IRQHandler
                0x000000000800452c                TIM4_IRQHandler
                0x000000000800452c                I2C1_EV_IRQHandler
                0x000000000800452c                DMA1_Stream6_IRQHandler
                0x000000000800452c                DMA1_Stream1_IRQHandler
                0x000000000800452c                UART4_IRQHandler
                0x000000000800452c                TIM3_IRQHandler
                0x000000000800452c                RCC_IRQHandler
                0x000000000800452c                TIM8_BRK_TIM12_IRQHandler
                0x000000000800452c                Default_Handler
                0x000000000800452c                EXTI15_10_IRQHandler
                0x000000000800452c                ADC_IRQHandler
                0x000000000800452c                DMA1_Stream7_IRQHandler
                0x000000000800452c                TIM7_IRQHandler
                0x000000000800452c                CAN2_TX_IRQHandler
                0x000000000800452c                TIM5_IRQHandler
                0x000000000800452c                DMA2_Stream7_IRQHandler
                0x000000000800452c                I2C3_EV_IRQHandler
                0x000000000800452c                EXTI9_5_IRQHandler
                0x000000000800452c                RTC_WKUP_IRQHandler
                0x000000000800452c                SPI2_IRQHandler
                0x000000000800452c                OTG_HS_EP1_IN_IRQHandler
                0x000000000800452c                MemManage_Handler
                0x000000000800452c                DMA1_Stream0_IRQHandler
                0x000000000800452c                CAN1_TX_IRQHandler
                0x000000000800452c                SVC_Handler
                0x000000000800452c                EXTI4_IRQHandler
                0x000000000800452c                FSMC_IRQHandler
                0x000000000800452c                OTG_HS_EP1_OUT_IRQHandler
                0x000000000800452c                WWDG_IRQHandler
                0x000000000800452c                TIM2_IRQHandler
                0x000000000800452c                OTG_FS_WKUP_IRQHandler
                0x000000000800452c                TIM1_TRG_COM_TIM11_IRQHandler
                0x000000000800452c                OTG_HS_IRQHandler
                0x000000000800452c                USART2_IRQHandler
                0x000000000800452c                I2C2_ER_IRQHandler
                0x000000000800452c                DMA2_Stream1_IRQHandler
                0x000000000800452c                CAN1_SCE_IRQHandler
                0x000000000800452c                FLASH_IRQHandler
                0x000000000800452c                DMA2_Stream4_IRQHandler
                0x000000000800452c                BusFault_Handler
                0x000000000800452c                USART1_IRQHandler
                0x000000000800452c                OTG_FS_IRQHandler
                0x000000000800452c                SPI3_IRQHandler
                0x000000000800452c                DMA1_Stream4_IRQHandler
                0x000000000800452c                I2C1_ER_IRQHandler
                0x000000000800452c                DMA2_Stream6_IRQHandler
                0x000000000800452c                DMA1_Stream3_IRQHandler
 *fill*         0x000000000800452e        0x2 
 .text.__assert_func
                0x0000000008004530       0x3c /usr/share/gcc-arm-none-eabi-10.3-2021.10/bin/../lib/gcc/arm-none-eabi/10.3.1/../../../../arm-none-eabi/lib/thumb/v7e-m+fp/hard/libc_nano.a(lib_a-assert.o)
                0x0000000008004530                __assert_func
 .text.fprintf  0x000000000800456c       0x24 /usr/share/gcc-arm-none-eabi-10.3-2021.10/bin/../lib/gcc/arm-none-eabi/10.3.1/../../../../arm-none-eabi/lib/thumb/v7e-m+fp/hard/libc_nano.a(lib_a-fprintf.o)
                0x000000000800456c                fprintf
                0x000000000800456c                fiprintf
 .text.__libc_init_array
                0x0000000008004590       0x48 /usr/share/gcc-arm-none-eabi-10.3-2021.10/bin/../lib/gcc/arm-none-eabi/10.3.1/../../../../arm-none-eabi/lib/thumb/v7e-m+fp/hard/libc_nano.a(lib_a-init.o)
                0x0000000008004590                __libc_init_array
 .text.memcpy   0x00000000080045d8       0x1c /usr/share/gcc-arm-none-eabi-10.3-2021.10/bin/../lib/gcc/arm-none-eabi/10.3.1/../../../../arm-none-eabi/lib/thumb/v7e-m+fp/hard/libc_nano.a(lib_a-memcpy-stub.o)
                0x00000000080045d8                memcpy
 .text.memset   0x00000000080045f4       0x10 /usr/share/gcc-arm-none-eabi-10.3-2021.10/bin/../lib/gcc/arm-none-eabi/10.3.1/../../../../arm-none-eabi/lib/thumb/v7e-m+fp/hard/libc_nano.a(lib_a-memset.o)
                0x00000000080045f4                memset
 .text.__sfputc_r
                0x0000000008004604       0x2e /usr/share/gcc-arm-none-eabi-10.3-2021.10/bin/../lib/gcc/arm-none-eabi/10.3.1/../../../../arm-none-eabi/lib/thumb/v7e-m+fp/hard/libc_nano.a(lib_a-nano-vfprintf.o)
 .text.__sfputs_r
                0x0000000008004632       0x24 /usr/share/gcc-arm-none-eabi-10.3-2021.10/bin/../lib/gcc/arm-none-eabi/10.3.1/../../../../arm-none-eabi/lib/thumb/v7e-m+fp/hard/libc_nano.a(lib_a-nano-vfprintf.o)
                0x0000000008004632                __sfputs_r
 *fill*         0x0000000008004656        0x2 
 .text._vfprintf_r
                0x0000000008004658      0x260 /usr/share/gcc-arm-none-eabi-10.3-2021.10/bin/../lib/gcc/arm-none-eabi/10.3.1/../../../../arm-none-eabi/lib/thumb/v7e-m+fp/hard/libc_nano.a(lib_a-nano-vfprintf.o)
                0x0000000008004658                _vfiprintf_r
                0x0000000008004658                _vfprintf_r
 .text._printf_common
                0x00000000080048b8       0xda /usr/share/gcc-arm-none-eabi-10.3-2021.10/bin/../lib/gcc/arm-none-eabi/10.3.1/../../../../arm-none-eabi/lib/thumb/v7e-m+fp/hard/libc_nano.a(lib_a-nano-vfprintf_i.o)
                0x00000000080048b8                _printf_common
 *fill*         0x0000000008004992        0x2 
 .text._printf_i
                0x0000000008004994      0x24c /usr/share/gcc-arm-none-eabi-10.3-2021.10/bin/../lib/gcc/arm-none-eabi/10.3.1/../../../../arm-none-eabi/lib/thumb/v7e-m+fp/hard/libc_nano.a(lib_a-nano-vfprintf_i.o)
                0x0000000008004994                _printf_i
 .text.printf   0x0000000008004be0       0x30 /usr/share/gcc-arm-none-eabi-10.3-2021.10/bin/../lib/gcc/arm-none-eabi/10.3.1/../../../../arm-none-eabi/lib/thumb/v7e-m+fp/hard/libc_nano.a(lib_a-printf.o)
                0x0000000008004be0                printf
                0x0000000008004be0                iprintf
 .text._puts_r  0x0000000008004c10       0xdc /usr/share/gcc-arm-none-eabi-10.3-2021.10/bin/../lib/gcc/arm-none-eabi/10.3.1/../../../../arm-none-eabi/lib/thumb/v7e-m+fp/hard/libc_nano.a(lib_a-puts.o)
                0x0000000008004c10                _puts_r
 .text.puts     0x0000000008004cec       0x10 /usr/share/gcc-arm-none-eabi-10.3-2021.10/bin/../lib/gcc/arm-none-eabi/10.3.1/../../../../arm-none-eabi/lib/thumb/v7e-m+fp/hard/libc_nano.a(lib_a-puts.o)
                0x0000000008004cec                puts
 .text.__swbuf_r
                0x0000000008004cfc       0xa4 /usr/share/gcc-arm-none-eabi-10.3-2021.10/bin/../lib/gcc/arm-none-eabi/10.3.1/../../../../arm-none-eabi/lib/thumb/v7e-m+fp/hard/libc_nano.a(lib_a-wbuf.o)
                0x0000000008004cfc                __swbuf_r
 .text.__swsetup_r
                0x0000000008004da0       0xdc /usr/share/gcc-arm-none-eabi-10.3-2021.10/bin/../lib/gcc/arm-none-eabi/10.3.1/../../../../arm-none-eabi/lib/thumb/v7e-m+fp/hard/libc_nano.a(lib_a-wsetup.o)
                0x0000000008004da0                __swsetup_r
 .text.abort    0x0000000008004e7c        0xe /usr/share/gcc-arm-none-eabi-10.3-2021.10/bin/../lib/gcc/arm-none-eabi/10.3.1/../../../../arm-none-eabi/lib/thumb/v7e-m+fp/hard/libc_nano.a(lib_a-abort.o)
                0x0000000008004e7c                abort
 *fill*         0x0000000008004e8a        0x2 
 .text.__sflush_r
                0x0000000008004e8c      0x10c /usr/share/gcc-arm-none-eabi-10.3-2021.10/bin/../lib/gcc/arm-none-eabi/10.3.1/../../../../arm-none-eabi/lib/thumb/v7e-m+fp/hard/libc_nano.a(lib_a-fflush.o)
                0x0000000008004e8c                __sflush_r
 .text._fflush_r
                0x0000000008004f98       0x78 /usr/share/gcc-arm-none-eabi-10.3-2021.10/bin/../lib/gcc/arm-none-eabi/10.3.1/../../../../arm-none-eabi/lib/thumb/v7e-m+fp/hard/libc_nano.a(lib_a-fflush.o)
                0x0000000008004f98                _fflush_r
 .text.std      0x0000000008005010       0x48 /usr/share/gcc-arm-none-eabi-10.3-2021.10/bin/../lib/gcc/arm-none-eabi/10.3.1/../../../../arm-none-eabi/lib/thumb/v7e-m+fp/hard/libc_nano.a(lib_a-findfp.o)
 .text._cleanup_r
                0x0000000008005058        0xc /usr/share/gcc-arm-none-eabi-10.3-2021.10/bin/../lib/gcc/arm-none-eabi/10.3.1/../../../../arm-none-eabi/lib/thumb/v7e-m+fp/hard/libc_nano.a(lib_a-findfp.o)
                0x0000000008005058                _cleanup_r
 .text.__sfmoreglue
                0x0000000008005064       0x2c /usr/share/gcc-arm-none-eabi-10.3-2021.10/bin/../lib/gcc/arm-none-eabi/10.3.1/../../../../arm-none-eabi/lib/thumb/v7e-m+fp/hard/libc_nano.a(lib_a-findfp.o)
                0x0000000008005064                __sfmoreglue
 .text.__sfp_lock_acquire
                0x0000000008005090        0xc /usr/share/gcc-arm-none-eabi-10.3-2021.10/bin/../lib/gcc/arm-none-eabi/10.3.1/../../../../arm-none-eabi/lib/thumb/v7e-m+fp/hard/libc_nano.a(lib_a-findfp.o)
                0x0000000008005090                __sfp_lock_acquire
 .text.__sfp_lock_release
                0x000000000800509c        0xc /usr/share/gcc-arm-none-eabi-10.3-2021.10/bin/../lib/gcc/arm-none-eabi/10.3.1/../../../../arm-none-eabi/lib/thumb/v7e-m+fp/hard/libc_nano.a(lib_a-findfp.o)
                0x000000000800509c                __sfp_lock_release
 .text.__sinit_lock_acquire
                0x00000000080050a8        0xc /usr/share/gcc-arm-none-eabi-10.3-2021.10/bin/../lib/gcc/arm-none-eabi/10.3.1/../../../../arm-none-eabi/lib/thumb/v7e-m+fp/hard/libc_nano.a(lib_a-findfp.o)
                0x00000000080050a8                __sinit_lock_acquire
 .text.__sinit_lock_release
                0x00000000080050b4        0xc /usr/share/gcc-arm-none-eabi-10.3-2021.10/bin/../lib/gcc/arm-none-eabi/10.3.1/../../../../arm-none-eabi/lib/thumb/v7e-m+fp/hard/libc_nano.a(lib_a-findfp.o)
                0x00000000080050b4                __sinit_lock_release
 .text.__sinit  0x00000000080050c0       0x70 /usr/share/gcc-arm-none-eabi-10.3-2021.10/bin/../lib/gcc/arm-none-eabi/10.3.1/../../../../arm-none-eabi/lib/thumb/v7e-m+fp/hard/libc_nano.a(lib_a-findfp.o)
                0x00000000080050c0                __sinit
 .text.__sfp    0x0000000008005130       0x8c /usr/share/gcc-arm-none-eabi-10.3-2021.10/bin/../lib/gcc/arm-none-eabi/10.3.1/../../../../arm-none-eabi/lib/thumb/v7e-m+fp/hard/libc_nano.a(lib_a-findfp.o)
                0x0000000008005130                __sfp
 .text._fwalk_reent
                0x00000000080051bc       0x3e /usr/share/gcc-arm-none-eabi-10.3-2021.10/bin/../lib/gcc/arm-none-eabi/10.3.1/../../../../arm-none-eabi/lib/thumb/v7e-m+fp/hard/libc_nano.a(lib_a-fwalk.o)
                0x00000000080051bc                _fwalk_reent
 .text.__retarget_lock_init_recursive
                0x00000000080051fa        0x2 /usr/share/gcc-arm-none-eabi-10.3-2021.10/bin/../lib/gcc/arm-none-eabi/10.3.1/../../../../arm-none-eabi/lib/thumb/v7e-m+fp/hard/libc_nano.a(lib_a-lock.o)
                0x00000000080051fa                __retarget_lock_init_recursive
 .text.__retarget_lock_acquire_recursive
                0x00000000080051fc        0x2 /usr/share/gcc-arm-none-eabi-10.3-2021.10/bin/../lib/gcc/arm-none-eabi/10.3.1/../../../../arm-none-eabi/lib/thumb/v7e-m+fp/hard/libc_nano.a(lib_a-lock.o)
                0x00000000080051fc                __retarget_lock_acquire_recursive
 .text.__retarget_lock_release_recursive
                0x00000000080051fe        0x2 /usr/share/gcc-arm-none-eabi-10.3-2021.10/bin/../lib/gcc/arm-none-eabi/10.3.1/../../../../arm-none-eabi/lib/thumb/v7e-m+fp/hard/libc_nano.a(lib_a-lock.o)
                0x00000000080051fe                __retarget_lock_release_recursive
 .text.__swhatbuf_r
                0x0000000008005200       0x4a /usr/share/gcc-arm-none-eabi-10.3-2021.10/bin/../lib/gcc/arm-none-eabi/10.3.1/../../../../arm-none-eabi/lib/thumb/v7e-m+fp/hard/libc_nano.a(lib_a-makebuf.o)
                0x0000000008005200                __swhatbuf_r
 *fill*         0x000000000800524a        0x2 
 .text.__smakebuf_r
                0x000000000800524c       0x80 /usr/share/gcc-arm-none-eabi-10.3-2021.10/bin/../lib/gcc/arm-none-eabi/10.3.1/../../../../arm-none-eabi/lib/thumb/v7e-m+fp/hard/libc_nano.a(lib_a-makebuf.o)
                0x000000000800524c                __smakebuf_r
 .text._free_r  0x00000000080052cc       0x98 /usr/share/gcc-arm-none-eabi-10.3-2021.10/bin/../lib/gcc/arm-none-eabi/10.3.1/../../../../arm-none-eabi/lib/thumb/v7e-m+fp/hard/libc_nano.a(lib_a-nano-freer.o)
                0x00000000080052cc                _free_r
 .text.sbrk_aligned
                0x0000000008005364       0x40 /usr/share/gcc-arm-none-eabi-10.3-2021.10/bin/../lib/gcc/arm-none-eabi/10.3.1/../../../../arm-none-eabi/lib/thumb/v7e-m+fp/hard/libc_nano.a(lib_a-nano-mallocr.o)
 .text._malloc_r
                0x00000000080053a4       0xe8 /usr/share/gcc-arm-none-eabi-10.3-2021.10/bin/../lib/gcc/arm-none-eabi/10.3.1/../../../../arm-none-eabi/lib/thumb/v7e-m+fp/hard/libc_nano.a(lib_a-nano-mallocr.o)
                0x00000000080053a4                _malloc_r
 .text._sbrk_r  0x000000000800548c       0x20 /usr/share/gcc-arm-none-eabi-10.3-2021.10/bin/../lib/gcc/arm-none-eabi/10.3.1/../../../../arm-none-eabi/lib/thumb/v7e-m+fp/hard/libc_nano.a(lib_a-sbrkr.o)
                0x000000000800548c                _sbrk_r
 .text._raise_r
                0x00000000080054ac       0x50 /usr/share/gcc-arm-none-eabi-10.3-2021.10/bin/../lib/gcc/arm-none-eabi/10.3.1/../../../../arm-none-eabi/lib/thumb/v7e-m+fp/hard/libc_nano.a(lib_a-signal.o)
                0x00000000080054ac                _raise_r
 .text.raise    0x00000000080054fc       0x10 /usr/share/gcc-arm-none-eabi-10.3-2021.10/bin/../lib/gcc/arm-none-eabi/10.3.1/../../../../arm-none-eabi/lib/thumb/v7e-m+fp/hard/libc_nano.a(lib_a-signal.o)
                0x00000000080054fc                raise
 .text._kill_r  0x000000000800550c       0x24 /usr/share/gcc-arm-none-eabi-10.3-2021.10/bin/../lib/gcc/arm-none-eabi/10.3.1/../../../../arm-none-eabi/lib/thumb/v7e-m+fp/hard/libc_nano.a(lib_a-signalr.o)
                0x000000000800550c                _kill_r
 .text._getpid_r
                0x0000000008005530        0x4 /usr/share/gcc-arm-none-eabi-10.3-2021.10/bin/../lib/gcc/arm-none-eabi/10.3.1/../../../../arm-none-eabi/lib/thumb/v7e-m+fp/hard/libc_nano.a(lib_a-signalr.o)
                0x0000000008005530                _getpid_r
 .text.__sread  0x0000000008005534       0x22 /usr/share/gcc-arm-none-eabi-10.3-2021.10/bin/../lib/gcc/arm-none-eabi/10.3.1/../../../../arm-none-eabi/lib/thumb/v7e-m+fp/hard/libc_nano.a(lib_a-stdio.o)
                0x0000000008005534                __sread
 .text.__swrite
                0x0000000008005556       0x38 /usr/share/gcc-arm-none-eabi-10.3-2021.10/bin/../lib/gcc/arm-none-eabi/10.3.1/../../../../arm-none-eabi/lib/thumb/v7e-m+fp/hard/libc_nano.a(lib_a-stdio.o)
                0x0000000008005556                __swrite
 .text.__sseek  0x000000000800558e       0x24 /usr/share/gcc-arm-none-eabi-10.3-2021.10/bin/../lib/gcc/arm-none-eabi/10.3.1/../../../../arm-none-eabi/lib/thumb/v7e-m+fp/hard/libc_nano.a(lib_a-stdio.o)
                0x000000000800558e                __sseek
 .text.__sclose
                0x00000000080055b2        0x8 /usr/share/gcc-arm-none-eabi-10.3-2021.10/bin/../lib/gcc/arm-none-eabi/10.3.1/../../../../arm-none-eabi/lib/thumb/v7e-m+fp/hard/libc_nano.a(lib_a-stdio.o)
                0x00000000080055b2                __sclose
 *fill*         0x00000000080055ba        0x2 
 .text._write_r
                0x00000000080055bc       0x24 /usr/share/gcc-arm-none-eabi-10.3-2021.10/bin/../lib/gcc/arm-none-eabi/10.3.1/../../../../arm-none-eabi/lib/thumb/v7e-m+fp/hard/libc_nano.a(lib_a-writer.o)
                0x00000000080055bc                _write_r
 .text._close_r
                0x00000000080055e0       0x20 /usr/share/gcc-arm-none-eabi-10.3-2021.10/bin/../lib/gcc/arm-none-eabi/10.3.1/../../../../arm-none-eabi/lib/thumb/v7e-m+fp/hard/libc_nano.a(lib_a-closer.o)
                0x00000000080055e0                _close_r
 .text._fstat_r
                0x0000000008005600       0x24 /usr/share/gcc-arm-none-eabi-10.3-2021.10/bin/../lib/gcc/arm-none-eabi/10.3.1/../../../../arm-none-eabi/lib/thumb/v7e-m+fp/hard/libc_nano.a(lib_a-fstatr.o)
                0x0000000008005600                _fstat_r
 .text._isatty_r
                0x0000000008005624       0x20 /usr/share/gcc-arm-none-eabi-10.3-2021.10/bin/../lib/gcc/arm-none-eabi/10.3.1/../../../../arm-none-eabi/lib/thumb/v7e-m+fp/hard/libc_nano.a(lib_a-isattyr.o)
                0x0000000008005624                _isatty_r
 .text._lseek_r
                0x0000000008005644       0x24 /usr/share/gcc-arm-none-eabi-10.3-2021.10/bin/../lib/gcc/arm-none-eabi/10.3.1/../../../../arm-none-eabi/lib/thumb/v7e-m+fp/hard/libc_nano.a(lib_a-lseekr.o)
                0x0000000008005644                _lseek_r
 .text.__malloc_lock
                0x0000000008005668        0xc /usr/share/gcc-arm-none-eabi-10.3-2021.10/bin/../lib/gcc/arm-none-eabi/10.3.1/../../../../arm-none-eabi/lib/thumb/v7e-m+fp/hard/libc_nano.a(lib_a-mlock.o)
                0x0000000008005668                __malloc_lock
 .text.__malloc_unlock
                0x0000000008005674        0xc /usr/share/gcc-arm-none-eabi-10.3-2021.10/bin/../lib/gcc/arm-none-eabi/10.3.1/../../../../arm-none-eabi/lib/thumb/v7e-m+fp/hard/libc_nano.a(lib_a-mlock.o)
                0x0000000008005674                __malloc_unlock
 .text._read_r  0x0000000008005680       0x24 /usr/share/gcc-arm-none-eabi-10.3-2021.10/bin/../lib/gcc/arm-none-eabi/10.3.1/../../../../arm-none-eabi/lib/thumb/v7e-m+fp/hard/libc_nano.a(lib_a-readr.o)
                0x0000000008005680                _read_r
 .text._close   0x00000000080056a4       0x10 /usr/share/gcc-arm-none-eabi-10.3-2021.10/bin/../lib/gcc/arm-none-eabi/10.3.1/../../../../arm-none-eabi/lib/thumb/v7e-m+fp/hard/libnosys.a(close.o)
                0x00000000080056a4                _close
 .text._fstat   0x00000000080056b4       0x10 /usr/share/gcc-arm-none-eabi-10.3-2021.10/bin/../lib/gcc/arm-none-eabi/10.3.1/../../../../arm-none-eabi/lib/thumb/v7e-m+fp/hard/libnosys.a(fstat.o)
                0x00000000080056b4                _fstat
 .text._getpid  0x00000000080056c4       0x10 /usr/share/gcc-arm-none-eabi-10.3-2021.10/bin/../lib/gcc/arm-none-eabi/10.3.1/../../../../arm-none-eabi/lib/thumb/v7e-m+fp/hard/libnosys.a(getpid.o)
                0x00000000080056c4                _getpid
 .text._isatty  0x00000000080056d4       0x10 /usr/share/gcc-arm-none-eabi-10.3-2021.10/bin/../lib/gcc/arm-none-eabi/10.3.1/../../../../arm-none-eabi/lib/thumb/v7e-m+fp/hard/libnosys.a(isatty.o)
                0x00000000080056d4                _isatty
 .text._kill    0x00000000080056e4       0x10 /usr/share/gcc-arm-none-eabi-10.3-2021.10/bin/../lib/gcc/arm-none-eabi/10.3.1/../../../../arm-none-eabi/lib/thumb/v7e-m+fp/hard/libnosys.a(kill.o)
                0x00000000080056e4                _kill
 .text._lseek   0x00000000080056f4       0x10 /usr/share/gcc-arm-none-eabi-10.3-2021.10/bin/../lib/gcc/arm-none-eabi/10.3.1/../../../../arm-none-eabi/lib/thumb/v7e-m+fp/hard/libnosys.a(lseek.o)
                0x00000000080056f4                _lseek
 .text._read    0x0000000008005704       0x10 /usr/share/gcc-arm-none-eabi-10.3-2021.10/bin/../lib/gcc/arm-none-eabi/10.3.1/../../../../arm-none-eabi/lib/thumb/v7e-m+fp/hard/libnosys.a(read.o)
                0x0000000008005704                _read
 .text._sbrk    0x0000000008005714       0x1c /usr/share/gcc-arm-none-eabi-10.3-2021.10/bin/../lib/gcc/arm-none-eabi/10.3.1/../../../../arm-none-eabi/lib/thumb/v7e-m+fp/hard/libnosys.a(sbrk.o)
                0x0000000008005714                _sbrk
 .text._write   0x0000000008005730       0x10 /usr/share/gcc-arm-none-eabi-10.3-2021.10/bin/../lib/gcc/arm-none-eabi/10.3.1/../../../../arm-none-eabi/lib/thumb/v7e-m+fp/hard/libnosys.a(write.o)
                0x0000000008005730                _write
 .text._exit    0x0000000008005740        0x4 /usr/share/gcc-arm-none-eabi-10.3-2021.10/bin/../lib/gcc/arm-none-eabi/10.3.1/../../../../arm-none-eabi/lib/thumb/v7e-m+fp/hard/libnosys.a(_exit.o)
                0x0000000008005740                _exit
 *(.glue_7)
 .glue_7        0x0000000008005744        0x0 linker stubs
 *(.glue_7t)
 .glue_7t       0x0000000008005744        0x0 linker stubs
 *(.eh_frame)
 .eh_frame      0x0000000008005744        0x0 /usr/share/gcc-arm-none-eabi-10.3-2021.10/bin/../lib/gcc/arm-none-eabi/10.3.1/thumb/v7e-m+fp/hard/crtbegin.o
 *(.init)
 .init          0x0000000008005744        0x4 /usr/share/gcc-arm-none-eabi-10.3-2021.10/bin/../lib/gcc/arm-none-eabi/10.3.1/thumb/v7e-m+fp/hard/crti.o
                0x0000000008005744                _init
 .init          0x0000000008005748        0x8 /usr/share/gcc-arm-none-eabi-10.3-2021.10/bin/../lib/gcc/arm-none-eabi/10.3.1/thumb/v7e-m+fp/hard/crtn.o
 *(.fini)
 .fini          0x0000000008005750        0x4 /usr/share/gcc-arm-none-eabi-10.3-2021.10/bin/../lib/gcc/arm-none-eabi/10.3.1/thumb/v7e-m+fp/hard/crti.o
                0x0000000008005750                _fini
 .fini          0x0000000008005754        0x8 /usr/share/gcc-arm-none-eabi-10.3-2021.10/bin/../lib/gcc/arm-none-eabi/10.3.1/thumb/v7e-m+fp/hard/crtn.o
                0x000000000800575c                . = ALIGN (0x4)
                0x000000000800575c                _etext = .

.vfp11_veneer   0x000000000800575c        0x0
 .vfp11_veneer  0x000000000800575c        0x0 linker stubs

.v4_bx          0x000000000800575c        0x0
 .v4_bx         0x000000000800575c        0x0 linker stubs

.iplt           0x000000000800575c        0x0
 .iplt          0x000000000800575c        0x0 /usr/share/gcc-arm-none-eabi-10.3-2021.10/bin/../lib/gcc/arm-none-eabi/10.3.1/thumb/v7e-m+fp/hard/crtbegin.o

.rodata         0x000000000800575c      0xb80
                0x000000000800575c                . = ALIGN (0x4)
 *(.rodata)
 *(.rodata*)
 .rodata.str1.4
                0x000000000800575c        0x8 build/ecatapp.o
 .rodata.main.str1.4
                0x0000000008005764       0x39 build/main.o
 *fill*         0x000000000800579d        0x3 
 .rodata.str1.4
                0x00000000080057a0       0x13 build/objectlist.o
 *fill*         0x00000000080057b3        0x1 
 .rodata.SDO1000
                0x00000000080057b4       0x14 build/objectlist.o
                0x00000000080057b4                SDO1000
 .rodata.SDO1001
                0x00000000080057c8       0x14 build/objectlist.o
                0x00000000080057c8                SDO1001
 .rodata.SDO1008
                0x00000000080057dc       0x14 build/objectlist.o
                0x00000000080057dc                SDO1008
 .rodata.SDO1009
                0x00000000080057f0       0x14 build/objectlist.o
                0x00000000080057f0                SDO1009
 .rodata.SDO100A
                0x0000000008005804       0x14 build/objectlist.o
                0x0000000008005804                SDO100A
 .rodata.SDO1018
                0x0000000008005818       0x64 build/objectlist.o
                0x0000000008005818                SDO1018
 .rodata.SDO10F1
                0x000000000800587c       0x3c build/objectlist.o
                0x000000000800587c                SDO10F1
 .rodata.SDO1600
                0x00000000080058b8       0x28 build/objectlist.o
                0x00000000080058b8                SDO1600
 .rodata.SDO1601
                0x00000000080058e0       0x28 build/objectlist.o
                0x00000000080058e0                SDO1601
 .rodata.SDO1A00
                0x0000000008005908       0x28 build/objectlist.o
                0x0000000008005908                SDO1A00
 .rodata.SDO1A01
                0x0000000008005930       0x28 build/objectlist.o
                0x0000000008005930                SDO1A01
 .rodata.SDO1C00
                0x0000000008005958       0x64 build/objectlist.o
                0x0000000008005958                SDO1C00
 .rodata.SDO1C12
                0x00000000080059bc       0x3c build/objectlist.o
                0x00000000080059bc                SDO1C12
 .rodata.SDO1C13
                0x00000000080059f8       0x3c build/objectlist.o
                0x00000000080059f8                SDO1C13
 .rodata.SDO1C32
                0x0000000008005a34       0x78 build/objectlist.o
                0x0000000008005a34                SDO1C32
 .rodata.SDO1C33
                0x0000000008005aac       0x78 build/objectlist.o
                0x0000000008005aac                SDO1C33
 .rodata.SDO6040
                0x0000000008005b24       0x14 build/objectlist.o
                0x0000000008005b24                SDO6040
 .rodata.SDO6041
                0x0000000008005b38       0x14 build/objectlist.o
                0x0000000008005b38                SDO6041
 .rodata.SDO6060
                0x0000000008005b4c       0x14 build/objectlist.o
                0x0000000008005b4c                SDO6060
 .rodata.SDO6061
                0x0000000008005b60       0x14 build/objectlist.o
                0x0000000008005b60                SDO6061
 .rodata.SDO6064
                0x0000000008005b74       0x14 build/objectlist.o
                0x0000000008005b74                SDO6064
 .rodata.SDO607A
                0x0000000008005b88       0x14 build/objectlist.o
                0x0000000008005b88                SDO607A
 .rodata.SDO6502
                0x0000000008005b9c       0x14 build/objectlist.o
                0x0000000008005b9c                SDO6502
 .rodata.SDOobjects
                0x0000000008005bb0      0x180 build/objectlist.o
                0x0000000008005bb0                SDOobjects
 .rodata.acName1000
                0x0000000008005d30        0xc build/objectlist.o
 .rodata.acName1001
                0x0000000008005d3c        0xf build/objectlist.o
 *fill*         0x0000000008005d4b        0x1 
 .rodata.acName1008
                0x0000000008005d4c        0xc build/objectlist.o
 .rodata.acName1009
                0x0000000008005d58       0x11 build/objectlist.o
 *fill*         0x0000000008005d69        0x3 
 .rodata.acName100A
                0x0000000008005d6c       0x11 build/objectlist.o
 *fill*         0x0000000008005d7d        0x3 
 .rodata.acName1018
                0x0000000008005d80       0x10 build/objectlist.o
 .rodata.acName1018_00
                0x0000000008005d90        0xd build/objectlist.o
 *fill*         0x0000000008005d9d        0x3 
 .rodata.acName1018_01
                0x0000000008005da0        0xa build/objectlist.o
 *fill*         0x0000000008005daa        0x2 
 .rodata.acName1018_02
                0x0000000008005dac        0xd build/objectlist.o
 *fill*         0x0000000008005db9        0x3 
 .rodata.acName1018_03
                0x0000000008005dbc       0x10 build/objectlist.o
 .rodata.acName1018_04
                0x0000000008005dcc        0xe build/objectlist.o
 *fill*         0x0000000008005dda        0x2 
 .rodata.acName10F1
                0x0000000008005ddc        0xf build/objectlist.o
 *fill*         0x0000000008005deb        0x1 
 .rodata.acName10F1_00
                0x0000000008005dec        0xd build/objectlist.o
 *fill*         0x0000000008005df9        0x3 
 .rodata.acName10F1_01
                0x0000000008005dfc       0x15 build/objectlist.o
 *fill*         0x0000000008005e11        0x3 
 .rodata.acName10F1_02
                0x0000000008005e14       0x16 build/objectlist.o
 *fill*         0x0000000008005e2a        0x2 
 .rodata.acName1600
                0x0000000008005e2c        0xd build/objectlist.o
 *fill*         0x0000000008005e39        0x3 
 .rodata.acName1600_00
                0x0000000008005e3c        0xd build/objectlist.o
 *fill*         0x0000000008005e49        0x3 
 .rodata.acName1600_01
                0x0000000008005e4c        0xd build/objectlist.o
 *fill*         0x0000000008005e59        0x3 
 .rodata.acName1601
                0x0000000008005e5c       0x10 build/objectlist.o
 .rodata.acName1601_00
                0x0000000008005e6c        0xd build/objectlist.o
 *fill*         0x0000000008005e79        0x3 
 .rodata.acName1601_01
                0x0000000008005e7c       0x10 build/objectlist.o
 .rodata.acName1A00
                0x0000000008005e8c        0xc build/objectlist.o
 .rodata.acName1A00_00
                0x0000000008005e98        0xd build/objectlist.o
 *fill*         0x0000000008005ea5        0x3 
 .rodata.acName1A00_01
                0x0000000008005ea8        0xc build/objectlist.o
 .rodata.acName1A01
                0x0000000008005eb4       0x10 build/objectlist.o
 .rodata.acName1A01_00
                0x0000000008005ec4        0xd build/objectlist.o
 *fill*         0x0000000008005ed1        0x3 
 .rodata.acName1A01_01
                0x0000000008005ed4       0x10 build/objectlist.o
 .rodata.acName1C00
                0x0000000008005ee4       0x20 build/objectlist.o
 .rodata.acName1C00_00
                0x0000000008005f04        0xd build/objectlist.o
 *fill*         0x0000000008005f11        0x3 
 .rodata.acName1C00_01
                0x0000000008005f14       0x18 build/objectlist.o
 .rodata.acName1C00_02
                0x0000000008005f2c       0x18 build/objectlist.o
 .rodata.acName1C00_03
                0x0000000008005f44       0x18 build/objectlist.o
 .rodata.acName1C00_04
                0x0000000008005f5c       0x18 build/objectlist.o
 .rodata.acName1C12
                0x0000000008005f74       0x1e build/objectlist.o
 *fill*         0x0000000008005f92        0x2 
 .rodata.acName1C12_00
                0x0000000008005f94        0xd build/objectlist.o
 *fill*         0x0000000008005fa1        0x3 
 .rodata.acName1C12_01
                0x0000000008005fa4        0xc build/objectlist.o
 .rodata.acName1C12_02
                0x0000000008005fb0        0xc build/objectlist.o
 .rodata.acName1C13
                0x0000000008005fbc       0x1e build/objectlist.o
 *fill*         0x0000000008005fda        0x2 
 .rodata.acName1C13_00
                0x0000000008005fdc        0xd build/objectlist.o
 *fill*         0x0000000008005fe9        0x3 
 .rodata.acName1C13_01
                0x0000000008005fec        0xc build/objectlist.o
 .rodata.acName1C13_02
                0x0000000008005ff8        0xc build/objectlist.o
 .rodata.acName1C32
                0x0000000008006004       0x1a build/objectlist.o
 *fill*         0x000000000800601e        0x2 
 .rodata.acName1C32_00
                0x0000000008006020        0xd build/objectlist.o
 *fill*         0x000000000800602d        0x3 
 .rodata.acName1C32_01
                0x0000000008006030        0xa build/objectlist.o
 *fill*         0x000000000800603a        0x2 
 .rodata.acName1C32_02
                0x000000000800603c        0xa build/objectlist.o
 *fill*         0x0000000008006046        0x2 
 .rodata.acName1C32_03
                0x0000000008006048        0xa build/objectlist.o
 *fill*         0x0000000008006052        0x2 
 .rodata.acName1C32_04
                0x0000000008006054       0x15 build/objectlist.o
 *fill*         0x0000000008006069        0x3 
 .rodata.acName1C32_05
                0x000000000800606c       0x13 build/objectlist.o
 *fill*         0x000000000800607f        0x1 
 .rodata.acName1C33
                0x0000000008006080       0x1a build/objectlist.o
 *fill*         0x000000000800609a        0x2 
 .rodata.acName1C33_00
                0x000000000800609c        0xd build/objectlist.o
 *fill*         0x00000000080060a9        0x3 
 .rodata.acName1C33_01
                0x00000000080060ac        0xa build/objectlist.o
 *fill*         0x00000000080060b6        0x2 
 .rodata.acName1C33_02
                0x00000000080060b8        0xa build/objectlist.o
 *fill*         0x00000000080060c2        0x2 
 .rodata.acName1C33_03
                0x00000000080060c4        0xa build/objectlist.o
 *fill*         0x00000000080060ce        0x2 
 .rodata.acName1C33_04
                0x00000000080060d0       0x15 build/objectlist.o
 *fill*         0x00000000080060e5        0x3 
 .rodata.acName1C33_05
                0x00000000080060e8       0x13 build/objectlist.o
 *fill*         0x00000000080060fb        0x1 
 .rodata.acName6040
                0x00000000080060fc        0xd build/objectlist.o
 *fill*         0x0000000008006109        0x3 
 .rodata.acName6041
                0x000000000800610c        0xc build/objectlist.o
 .rodata.acName6060
                0x0000000008006118       0x13 build/objectlist.o
 *fill*         0x000000000800612b        0x1 
 .rodata.acName6061
                0x000000000800612c       0x1a build/objectlist.o
 *fill*         0x0000000008006146        0x2 
 .rodata.acName6064
                0x0000000008006148       0x10 build/objectlist.o
 .rodata.acName607A
                0x0000000008006158       0x10 build/objectlist.o
 .rodata.acName6502
                0x0000000008006168       0x16 build/objectlist.o
 *fill*         0x000000000800617e        0x2 
 .rodata.mb0.3  0x0000000008006180        0x8 build/esc.o
 .rodata.mb1.2  0x0000000008006188        0x8 build/esc.o
 .rodata.mbboot0.1
                0x0000000008006190        0x8 build/esc.o
 .rodata.mbboot1.0
                0x0000000008006198        0x8 build/esc.o
 .rodata.COE_getValue.str1.4
                0x00000000080061a0       0x1b build/esc_coe.o
 *fill*         0x00000000080061bb        0x1 
 .rodata.COE_pdoPack.str1.4
                0x00000000080061bc       0x20 build/esc_coe.o
 .rodata.__func__.0
                0x00000000080061dc        0xe build/esc_coe.o
 *fill*         0x00000000080061ea        0x2 
 .rodata.__func__.1
                0x00000000080061ec        0xd build/esc_coe.o
 *fill*         0x00000000080061f9        0x3 
 .rodata.__func__.2
                0x00000000080061fc        0xc build/esc_coe.o
 .rodata.__assert_func.str1.1
                0x0000000008006208       0x3c /usr/share/gcc-arm-none-eabi-10.3-2021.10/bin/../lib/gcc/arm-none-eabi/10.3.1/../../../../arm-none-eabi/lib/thumb/v7e-m+fp/hard/libc_nano.a(lib_a-assert.o)
                                         0x3d (size before relaxing)
 .rodata._global_impure_ptr
                0x0000000008006244        0x4 /usr/share/gcc-arm-none-eabi-10.3-2021.10/bin/../lib/gcc/arm-none-eabi/10.3.1/../../../../arm-none-eabi/lib/thumb/v7e-m+fp/hard/libc_nano.a(lib_a-impure.o)
                0x0000000008006244                _global_impure_ptr
 .rodata._vfprintf_r.str1.1
                0x0000000008006248       0x11 /usr/share/gcc-arm-none-eabi-10.3-2021.10/bin/../lib/gcc/arm-none-eabi/10.3.1/../../../../arm-none-eabi/lib/thumb/v7e-m+fp/hard/libc_nano.a(lib_a-nano-vfprintf.o)
 .rodata._printf_i.str1.1
                0x0000000008006259       0x22 /usr/share/gcc-arm-none-eabi-10.3-2021.10/bin/../lib/gcc/arm-none-eabi/10.3.1/../../../../arm-none-eabi/lib/thumb/v7e-m+fp/hard/libc_nano.a(lib_a-nano-vfprintf_i.o)
 *fill*         0x000000000800627b        0x1 
 .rodata.__sf_fake_stderr
                0x000000000800627c       0x20 /usr/share/gcc-arm-none-eabi-10.3-2021.10/bin/../lib/gcc/arm-none-eabi/10.3.1/../../../../arm-none-eabi/lib/thumb/v7e-m+fp/hard/libc_nano.a(lib_a-findfp.o)
                0x000000000800627c                __sf_fake_stderr
 .rodata.__sf_fake_stdin
                0x000000000800629c       0x20 /usr/share/gcc-arm-none-eabi-10.3-2021.10/bin/../lib/gcc/arm-none-eabi/10.3.1/../../../../arm-none-eabi/lib/thumb/v7e-m+fp/hard/libc_nano.a(lib_a-findfp.o)
                0x000000000800629c                __sf_fake_stdin
 .rodata.__sf_fake_stdout
                0x00000000080062bc       0x20 /usr/share/gcc-arm-none-eabi-10.3-2021.10/bin/../lib/gcc/arm-none-eabi/10.3.1/../../../../arm-none-eabi/lib/thumb/v7e-m+fp/hard/libc_nano.a(lib_a-findfp.o)
                0x00000000080062bc                __sf_fake_stdout
                0x00000000080062dc                . = ALIGN (0x4)

.rel.dyn        0x00000000080062dc        0x0
 .rel.iplt      0x00000000080062dc        0x0 /usr/share/gcc-arm-none-eabi-10.3-2021.10/bin/../lib/gcc/arm-none-eabi/10.3.1/thumb/v7e-m+fp/hard/crtbegin.o

.ARM.extab
 *(.ARM.extab* .gnu.linkonce.armextab.*)

.ARM            0x00000000080062dc        0x0
                0x00000000080062dc                __exidx_start = .
 *(.ARM.exidx*)
                0x00000000080062dc                __exidx_end = .

.preinit_array  0x00000000080062dc        0x0
                0x00000000080062dc                PROVIDE (__preinit_array_start = .)
 *(.preinit_array*)
                0x00000000080062dc                PROVIDE (__preinit_array_end = .)

.init_array     0x00000000080062dc        0x4
                0x00000000080062dc                PROVIDE (__init_array_start = .)
 *(SORT_BY_NAME(.init_array.*))
 *(.init_array*)
 .init_array    0x00000000080062dc        0x4 /usr/share/gcc-arm-none-eabi-10.3-2021.10/bin/../lib/gcc/arm-none-eabi/10.3.1/thumb/v7e-m+fp/hard/crtbegin.o
                0x00000000080062e0                PROVIDE (__init_array_end = .)

.fini_array     0x00000000080062e0        0x4
                [!provide]                        PROVIDE (__fini_array_start = .)
 *(SORT_BY_NAME(.fini_array.*))
 *(.fini_array*)
 .fini_array    0x00000000080062e0        0x4 /usr/share/gcc-arm-none-eabi-10.3-2021.10/bin/../lib/gcc/arm-none-eabi/10.3.1/thumb/v7e-m+fp/hard/crtbegin.o
                [!provide]                        PROVIDE (__fini_array_end = .)
                0x00000000080062e4                _sidata = LOADADDR (.data)

.data           0x0000000020000000       0xe4 load address 0x00000000080062e4
                0x0000000020000000                . = ALIGN (0x4)
                0x0000000020000000                _sdata = .
 *(.data)
 *(.data*)
 .data.cia402axis
                0x0000000020000000       0x14 build/ecatapp.o
                0x0000000020000000                cia402axis
 .data.config   0x0000000020000014       0x50 build/ecatapp.o
 .data.pdo_coe_rxbuf
                0x0000000020000064        0x4 build/pdo_override.o
                0x0000000020000064                pdo_coe_rxbuf
 .data.pdo_coe_txbuf
                0x0000000020000068        0x4 build/pdo_override.o
                0x0000000020000068                pdo_coe_txbuf
 .data.pdo_spi_rxbuf
                0x000000002000006c        0x4 build/pdo_override.o
                0x000000002000006c                pdo_spi_rxbuf
 .data.pdo_spi_txbuf
                0x0000000020000070        0x4 build/pdo_override.o
                0x0000000020000070                pdo_spi_txbuf
 .data.ticksPerUs
                0x0000000020000074        0x4 build/delay.o
 .data.SystemCoreClock
                0x0000000020000078        0x4 build/system_stm32f4xx.o
                0x0000000020000078                SystemCoreClock
 .data.et1100   0x000000002000007c        0x4 build/esc_hw.o
 .data._impure_ptr
                0x0000000020000080        0x4 /usr/share/gcc-arm-none-eabi-10.3-2021.10/bin/../lib/gcc/arm-none-eabi/10.3.1/../../../../arm-none-eabi/lib/thumb/v7e-m+fp/hard/libc_nano.a(lib_a-impure.o)
                0x0000000020000080                _impure_ptr
 .data.impure_data
                0x0000000020000084       0x60 /usr/share/gcc-arm-none-eabi-10.3-2021.10/bin/../lib/gcc/arm-none-eabi/10.3.1/../../../../arm-none-eabi/lib/thumb/v7e-m+fp/hard/libc_nano.a(lib_a-impure.o)
                0x00000000200000e4                . = ALIGN (0x4)
                0x00000000200000e4                _edata = .
                0x00000000080063c8                _siccmram = LOADADDR (.ccmram)

.igot.plt       0x00000000200000e4        0x0 load address 0x00000000080063c8
 .igot.plt      0x00000000200000e4        0x0 /usr/share/gcc-arm-none-eabi-10.3-2021.10/bin/../lib/gcc/arm-none-eabi/10.3.1/thumb/v7e-m+fp/hard/crtbegin.o

.ccmram         0x0000000010000000        0x0 load address 0x00000000080063c8
                0x0000000010000000                . = ALIGN (0x4)
                0x0000000010000000                _sccmram = .
 *(.ccmram)
 *(.ccmram*)
                0x0000000010000000                . = ALIGN (0x4)
                0x0000000010000000                _eccmram = .
                0x0000000010000000                . = ALIGN (0x4)

.bss            0x00000000200000e8     0x1250
                0x00000000200000e8                _sbss = .
                0x00000000200000e8                __bss_start__ = _sbss
 *(.bss)
 .bss           0x00000000200000e8       0x1c /usr/share/gcc-arm-none-eabi-10.3-2021.10/bin/../lib/gcc/arm-none-eabi/10.3.1/thumb/v7e-m+fp/hard/crtbegin.o
 *(.bss*)
 .bss.Obj       0x0000000020000104       0x50 build/ecatapp.o
                0x0000000020000104                Obj
 .bss.pdi_irq_flag
                0x0000000020000154        0x1 build/ecatapp.o
 .bss.sync0_irq_flag
                0x0000000020000155        0x1 build/ecatapp.o
 .bss.pdi_dma_transmission
                0x0000000020000156        0x1 build/pdo_override.o
 *fill*         0x0000000020000157        0x1 
 .bss.pdo_rxbuf
                0x0000000020000158        0xe build/pdo_override.o
                0x0000000020000158                pdo_rxbuf
 *fill*         0x0000000020000166        0x2 
 .bss.pdo_txbuf
                0x0000000020000168        0xf build/pdo_override.o
                0x0000000020000168                pdo_txbuf
 *fill*         0x0000000020000177        0x1 
 .bss.timer_ms  0x0000000020000178        0x4 build/delay.o
                0x0000000020000178                timer_ms
 .bss.read_termination
                0x000000002000017c       0x80 build/esc_hw.o
 .bss.ESCvar    0x00000000200001fc      0x6ec build/ecat_slv.o
                0x00000000200001fc                ESCvar
 .bss.MBX       0x00000000200008e8      0x600 build/ecat_slv.o
                0x00000000200008e8                MBX
 .bss.MBXcontrol
                0x0000000020000ee8        0x3 build/ecat_slv.o
                0x0000000020000ee8                MBXcontrol
 *fill*         0x0000000020000eeb        0x1 
 .bss.SMmap2    0x0000000020000eec       0x18 build/ecat_slv.o
                0x0000000020000eec                SMmap2
 .bss.SMmap3    0x0000000020000f04       0x18 build/ecat_slv.o
                0x0000000020000f04                SMmap3
 *fill*         0x0000000020000f1c        0x4 
 .bss.rxpdo     0x0000000020000f20      0x200 build/ecat_slv.o
 .bss.txpdo     0x0000000020001120      0x200 build/ecat_slv.o
 .bss.watchdog  0x0000000020001320        0x4 build/ecat_slv.o
 .bss.__lock___malloc_recursive_mutex
                0x0000000020001324        0x1 /usr/share/gcc-arm-none-eabi-10.3-2021.10/bin/../lib/gcc/arm-none-eabi/10.3.1/../../../../arm-none-eabi/lib/thumb/v7e-m+fp/hard/libc_nano.a(lib_a-lock.o)
                0x0000000020001324                __lock___malloc_recursive_mutex
 .bss.__lock___sfp_recursive_mutex
                0x0000000020001325        0x1 /usr/share/gcc-arm-none-eabi-10.3-2021.10/bin/../lib/gcc/arm-none-eabi/10.3.1/../../../../arm-none-eabi/lib/thumb/v7e-m+fp/hard/libc_nano.a(lib_a-lock.o)
                0x0000000020001325                __lock___sfp_recursive_mutex
 .bss.__lock___sinit_recursive_mutex
                0x0000000020001326        0x1 /usr/share/gcc-arm-none-eabi-10.3-2021.10/bin/../lib/gcc/arm-none-eabi/10.3.1/../../../../arm-none-eabi/lib/thumb/v7e-m+fp/hard/libc_nano.a(lib_a-lock.o)
                0x0000000020001326                __lock___sinit_recursive_mutex
 *fill*         0x0000000020001327        0x1 
 .bss.__malloc_free_list
                0x0000000020001328        0x4 /usr/share/gcc-arm-none-eabi-10.3-2021.10/bin/../lib/gcc/arm-none-eabi/10.3.1/../../../../arm-none-eabi/lib/thumb/v7e-m+fp/hard/libc_nano.a(lib_a-nano-mallocr.o)
                0x0000000020001328                __malloc_free_list
 .bss.__malloc_sbrk_start
                0x000000002000132c        0x4 /usr/share/gcc-arm-none-eabi-10.3-2021.10/bin/../lib/gcc/arm-none-eabi/10.3.1/../../../../arm-none-eabi/lib/thumb/v7e-m+fp/hard/libc_nano.a(lib_a-nano-mallocr.o)
                0x000000002000132c                __malloc_sbrk_start
 .bss.errno     0x0000000020001330        0x4 /usr/share/gcc-arm-none-eabi-10.3-2021.10/bin/../lib/gcc/arm-none-eabi/10.3.1/../../../../arm-none-eabi/lib/thumb/v7e-m+fp/hard/libc_nano.a(lib_a-reent.o)
                0x0000000020001330                errno
 .bss.heap_end.0
                0x0000000020001334        0x4 /usr/share/gcc-arm-none-eabi-10.3-2021.10/bin/../lib/gcc/arm-none-eabi/10.3.1/../../../../arm-none-eabi/lib/thumb/v7e-m+fp/hard/libnosys.a(sbrk.o)
 *(COMMON)
                0x0000000020001338                . = ALIGN (0x4)
                0x0000000020001338                _ebss = .
                0x0000000020001338                __bss_end__ = _ebss

._user_heap_stack
                0x0000000020001338      0x600
                0x0000000020001338                . = ALIGN (0x8)
                0x0000000020001338                PROVIDE (end = .)
                [!provide]                        PROVIDE (_end = .)
                0x0000000020001538                . = (. + _Min_Heap_Size)
 *fill*         0x0000000020001338      0x200 
                0x0000000020001938                . = (. + _Min_Stack_Size)
 *fill*         0x0000000020001538      0x400 
                0x0000000020001938                . = ALIGN (0x8)

/DISCARD/
 libc.a(*)
 libm.a(*)
 libgcc.a(*)

.ARM.attributes
                0x0000000000000000       0x30
 *(.ARM.attributes)
 .ARM.attributes
                0x0000000000000000       0x1e /usr/share/gcc-arm-none-eabi-10.3-2021.10/bin/../lib/gcc/arm-none-eabi/10.3.1/thumb/v7e-m+fp/hard/crti.o
 .ARM.attributes
                0x000000000000001e       0x34 /usr/share/gcc-arm-none-eabi-10.3-2021.10/bin/../lib/gcc/arm-none-eabi/10.3.1/thumb/v7e-m+fp/hard/crtbegin.o
 .ARM.attributes
                0x0000000000000052       0x34 build/ecatapp.o
 .ARM.attributes
                0x0000000000000086       0x34 build/main.o
 .ARM.attributes
                0x00000000000000ba       0x34 build/pdo_override.o
 .ARM.attributes
                0x00000000000000ee       0x34 build/misc.o
 .ARM.attributes
                0x0000000000000122       0x34 build/stm32f4xx_dma.o
 .ARM.attributes
                0x0000000000000156       0x34 build/stm32f4xx_exti.o
 .ARM.attributes
                0x000000000000018a       0x34 build/stm32f4xx_gpio.o
 .ARM.attributes
                0x00000000000001be       0x34 build/stm32f4xx_rcc.o
 .ARM.attributes
                0x00000000000001f2       0x34 build/stm32f4xx_spi.o
 .ARM.attributes
                0x0000000000000226       0x34 build/stm32f4xx_syscfg.o
 .ARM.attributes
                0x000000000000025a       0x34 build/delay.o
 .ARM.attributes
                0x000000000000028e       0x34 build/stm32f4_discovery.o
 .ARM.attributes
                0x00000000000002c2       0x34 build/system_stm32f4xx.o
 .ARM.attributes
                0x00000000000002f6       0x34 build/cia402device.o
 .ARM.attributes
                0x000000000000032a       0x34 build/objectlist.o
 .ARM.attributes
                0x000000000000035e       0x34 build/esc_hw.o
 .ARM.attributes
                0x0000000000000392       0x34 build/ecat_slv.o
 .ARM.attributes
                0x00000000000003c6       0x34 build/esc.o
 .ARM.attributes
                0x00000000000003fa       0x34 build/esc_coe.o
 .ARM.attributes
                0x000000000000042e       0x34 build/esc_irq.o
 .ARM.attributes
                0x0000000000000462       0x34 build/rst.o
 .ARM.attributes
                0x0000000000000496       0x34 build/spi.o
 .ARM.attributes
                0x00000000000004ca       0x21 build/startup_stm32f405xx.o
 .ARM.attributes
                0x00000000000004eb       0x34 /usr/share/gcc-arm-none-eabi-10.3-2021.10/bin/../lib/gcc/arm-none-eabi/10.3.1/../../../../arm-none-eabi/lib/thumb/v7e-m+fp/hard/libc_nano.a(lib_a-assert.o)
 .ARM.attributes
                0x000000000000051f       0x34 /usr/share/gcc-arm-none-eabi-10.3-2021.10/bin/../lib/gcc/arm-none-eabi/10.3.1/../../../../arm-none-eabi/lib/thumb/v7e-m+fp/hard/libc_nano.a(lib_a-fprintf.o)
 .ARM.attributes
                0x0000000000000553       0x34 /usr/share/gcc-arm-none-eabi-10.3-2021.10/bin/../lib/gcc/arm-none-eabi/10.3.1/../../../../arm-none-eabi/lib/thumb/v7e-m+fp/hard/libc_nano.a(lib_a-impure.o)
 .ARM.attributes
                0x0000000000000587       0x34 /usr/share/gcc-arm-none-eabi-10.3-2021.10/bin/../lib/gcc/arm-none-eabi/10.3.1/../../../../arm-none-eabi/lib/thumb/v7e-m+fp/hard/libc_nano.a(lib_a-init.o)
 .ARM.attributes
                0x00000000000005bb       0x34 /usr/share/gcc-arm-none-eabi-10.3-2021.10/bin/../lib/gcc/arm-none-eabi/10.3.1/../../../../arm-none-eabi/lib/thumb/v7e-m+fp/hard/libc_nano.a(lib_a-memcpy-stub.o)
 .ARM.attributes
                0x00000000000005ef       0x34 /usr/share/gcc-arm-none-eabi-10.3-2021.10/bin/../lib/gcc/arm-none-eabi/10.3.1/../../../../arm-none-eabi/lib/thumb/v7e-m+fp/hard/libc_nano.a(lib_a-memset.o)
 .ARM.attributes
                0x0000000000000623       0x34 /usr/share/gcc-arm-none-eabi-10.3-2021.10/bin/../lib/gcc/arm-none-eabi/10.3.1/../../../../arm-none-eabi/lib/thumb/v7e-m+fp/hard/libc_nano.a(lib_a-nano-vfprintf.o)
 .ARM.attributes
                0x0000000000000657       0x34 /usr/share/gcc-arm-none-eabi-10.3-2021.10/bin/../lib/gcc/arm-none-eabi/10.3.1/../../../../arm-none-eabi/lib/thumb/v7e-m+fp/hard/libc_nano.a(lib_a-nano-vfprintf_i.o)
 .ARM.attributes
                0x000000000000068b       0x34 /usr/share/gcc-arm-none-eabi-10.3-2021.10/bin/../lib/gcc/arm-none-eabi/10.3.1/../../../../arm-none-eabi/lib/thumb/v7e-m+fp/hard/libc_nano.a(lib_a-printf.o)
 .ARM.attributes
                0x00000000000006bf       0x34 /usr/share/gcc-arm-none-eabi-10.3-2021.10/bin/../lib/gcc/arm-none-eabi/10.3.1/../../../../arm-none-eabi/lib/thumb/v7e-m+fp/hard/libc_nano.a(lib_a-puts.o)
 .ARM.attributes
                0x00000000000006f3       0x34 /usr/share/gcc-arm-none-eabi-10.3-2021.10/bin/../lib/gcc/arm-none-eabi/10.3.1/../../../../arm-none-eabi/lib/thumb/v7e-m+fp/hard/libc_nano.a(lib_a-wbuf.o)
 .ARM.attributes
                0x0000000000000727       0x34 /usr/share/gcc-arm-none-eabi-10.3-2021.10/bin/../lib/gcc/arm-none-eabi/10.3.1/../../../../arm-none-eabi/lib/thumb/v7e-m+fp/hard/libc_nano.a(lib_a-wsetup.o)
 .ARM.attributes
                0x000000000000075b       0x34 /usr/share/gcc-arm-none-eabi-10.3-2021.10/bin/../lib/gcc/arm-none-eabi/10.3.1/../../../../arm-none-eabi/lib/thumb/v7e-m+fp/hard/libc_nano.a(lib_a-abort.o)
 .ARM.attributes
                0x000000000000078f       0x34 /usr/share/gcc-arm-none-eabi-10.3-2021.10/bin/../lib/gcc/arm-none-eabi/10.3.1/../../../../arm-none-eabi/lib/thumb/v7e-m+fp/hard/libc_nano.a(lib_a-fflush.o)
 .ARM.attributes
                0x00000000000007c3       0x34 /usr/share/gcc-arm-none-eabi-10.3-2021.10/bin/../lib/gcc/arm-none-eabi/10.3.1/../../../../arm-none-eabi/lib/thumb/v7e-m+fp/hard/libc_nano.a(lib_a-findfp.o)
 .ARM.attributes
                0x00000000000007f7       0x34 /usr/share/gcc-arm-none-eabi-10.3-2021.10/bin/../lib/gcc/arm-none-eabi/10.3.1/../../../../arm-none-eabi/lib/thumb/v7e-m+fp/hard/libc_nano.a(lib_a-fwalk.o)
 .ARM.attributes
                0x000000000000082b       0x34 /usr/share/gcc-arm-none-eabi-10.3-2021.10/bin/../lib/gcc/arm-none-eabi/10.3.1/../../../../arm-none-eabi/lib/thumb/v7e-m+fp/hard/libc_nano.a(lib_a-lock.o)
 .ARM.attributes
                0x000000000000085f       0x34 /usr/share/gcc-arm-none-eabi-10.3-2021.10/bin/../lib/gcc/arm-none-eabi/10.3.1/../../../../arm-none-eabi/lib/thumb/v7e-m+fp/hard/libc_nano.a(lib_a-makebuf.o)
 .ARM.attributes
                0x0000000000000893       0x1c /usr/share/gcc-arm-none-eabi-10.3-2021.10/bin/../lib/gcc/arm-none-eabi/10.3.1/../../../../arm-none-eabi/lib/thumb/v7e-m+fp/hard/libc_nano.a(lib_a-memchr.o)
 .ARM.attributes
                0x00000000000008af       0x34 /usr/share/gcc-arm-none-eabi-10.3-2021.10/bin/../lib/gcc/arm-none-eabi/10.3.1/../../../../arm-none-eabi/lib/thumb/v7e-m+fp/hard/libc_nano.a(lib_a-nano-freer.o)
 .ARM.attributes
                0x00000000000008e3       0x34 /usr/share/gcc-arm-none-eabi-10.3-2021.10/bin/../lib/gcc/arm-none-eabi/10.3.1/../../../../arm-none-eabi/lib/thumb/v7e-m+fp/hard/libc_nano.a(lib_a-nano-mallocr.o)
 .ARM.attributes
                0x0000000000000917       0x34 /usr/share/gcc-arm-none-eabi-10.3-2021.10/bin/../lib/gcc/arm-none-eabi/10.3.1/../../../../arm-none-eabi/lib/thumb/v7e-m+fp/hard/libc_nano.a(lib_a-sbrkr.o)
 .ARM.attributes
                0x000000000000094b       0x34 /usr/share/gcc-arm-none-eabi-10.3-2021.10/bin/../lib/gcc/arm-none-eabi/10.3.1/../../../../arm-none-eabi/lib/thumb/v7e-m+fp/hard/libc_nano.a(lib_a-signal.o)
 .ARM.attributes
                0x000000000000097f       0x34 /usr/share/gcc-arm-none-eabi-10.3-2021.10/bin/../lib/gcc/arm-none-eabi/10.3.1/../../../../arm-none-eabi/lib/thumb/v7e-m+fp/hard/libc_nano.a(lib_a-signalr.o)
 .ARM.attributes
                0x00000000000009b3       0x34 /usr/share/gcc-arm-none-eabi-10.3-2021.10/bin/../lib/gcc/arm-none-eabi/10.3.1/../../../../arm-none-eabi/lib/thumb/v7e-m+fp/hard/libc_nano.a(lib_a-stdio.o)
 .ARM.attributes
                0x00000000000009e7       0x34 /usr/share/gcc-arm-none-eabi-10.3-2021.10/bin/../lib/gcc/arm-none-eabi/10.3.1/../../../../arm-none-eabi/lib/thumb/v7e-m+fp/hard/libc_nano.a(lib_a-writer.o)
 .ARM.attributes
                0x0000000000000a1b       0x34 /usr/share/gcc-arm-none-eabi-10.3-2021.10/bin/../lib/gcc/arm-none-eabi/10.3.1/../../../../arm-none-eabi/lib/thumb/v7e-m+fp/hard/libc_nano.a(lib_a-closer.o)
 .ARM.attributes
                0x0000000000000a4f       0x34 /usr/share/gcc-arm-none-eabi-10.3-2021.10/bin/../lib/gcc/arm-none-eabi/10.3.1/../../../../arm-none-eabi/lib/thumb/v7e-m+fp/hard/libc_nano.a(lib_a-fstatr.o)
 .ARM.attributes
                0x0000000000000a83       0x34 /usr/share/gcc-arm-none-eabi-10.3-2021.10/bin/../lib/gcc/arm-none-eabi/10.3.1/../../../../arm-none-eabi/lib/thumb/v7e-m+fp/hard/libc_nano.a(lib_a-isattyr.o)
 .ARM.attributes
                0x0000000000000ab7       0x34 /usr/share/gcc-arm-none-eabi-10.3-2021.10/bin/../lib/gcc/arm-none-eabi/10.3.1/../../../../arm-none-eabi/lib/thumb/v7e-m+fp/hard/libc_nano.a(lib_a-lseekr.o)
 .ARM.attributes
                0x0000000000000aeb       0x34 /usr/share/gcc-arm-none-eabi-10.3-2021.10/bin/../lib/gcc/arm-none-eabi/10.3.1/../../../../arm-none-eabi/lib/thumb/v7e-m+fp/hard/libc_nano.a(lib_a-mlock.o)
 .ARM.attributes
                0x0000000000000b1f       0x34 /usr/share/gcc-arm-none-eabi-10.3-2021.10/bin/../lib/gcc/arm-none-eabi/10.3.1/../../../../arm-none-eabi/lib/thumb/v7e-m+fp/hard/libc_nano.a(lib_a-readr.o)
 .ARM.attributes
                0x0000000000000b53       0x34 /usr/share/gcc-arm-none-eabi-10.3-2021.10/bin/../lib/gcc/arm-none-eabi/10.3.1/../../../../arm-none-eabi/lib/thumb/v7e-m+fp/hard/libc_nano.a(lib_a-reent.o)
 .ARM.attributes
                0x0000000000000b87       0x34 /usr/share/gcc-arm-none-eabi-10.3-2021.10/bin/../lib/gcc/arm-none-eabi/10.3.1/../../../../arm-none-eabi/lib/thumb/v7e-m+fp/hard/libnosys.a(close.o)
 .ARM.attributes
                0x0000000000000bbb       0x34 /usr/share/gcc-arm-none-eabi-10.3-2021.10/bin/../lib/gcc/arm-none-eabi/10.3.1/../../../../arm-none-eabi/lib/thumb/v7e-m+fp/hard/libnosys.a(fstat.o)
 .ARM.attributes
                0x0000000000000bef       0x34 /usr/share/gcc-arm-none-eabi-10.3-2021.10/bin/../lib/gcc/arm-none-eabi/10.3.1/../../../../arm-none-eabi/lib/thumb/v7e-m+fp/hard/libnosys.a(getpid.o)
 .ARM.attributes
                0x0000000000000c23       0x34 /usr/share/gcc-arm-none-eabi-10.3-2021.10/bin/../lib/gcc/arm-none-eabi/10.3.1/../../../../arm-none-eabi/lib/thumb/v7e-m+fp/hard/libnosys.a(isatty.o)
 .ARM.attributes
                0x0000000000000c57       0x34 /usr/share/gcc-arm-none-eabi-10.3-2021.10/bin/../lib/gcc/arm-none-eabi/10.3.1/../../../../arm-none-eabi/lib/thumb/v7e-m+fp/hard/libnosys.a(kill.o)
 .ARM.attributes
                0x0000000000000c8b       0x34 /usr/share/gcc-arm-none-eabi-10.3-2021.10/bin/../lib/gcc/arm-none-eabi/10.3.1/../../../../arm-none-eabi/lib/thumb/v7e-m+fp/hard/libnosys.a(lseek.o)
 .ARM.attributes
                0x0000000000000cbf       0x34 /usr/share/gcc-arm-none-eabi-10.3-2021.10/bin/../lib/gcc/arm-none-eabi/10.3.1/../../../../arm-none-eabi/lib/thumb/v7e-m+fp/hard/libnosys.a(read.o)
 .ARM.attributes
                0x0000000000000cf3       0x34 /usr/share/gcc-arm-none-eabi-10.3-2021.10/bin/../lib/gcc/arm-none-eabi/10.3.1/../../../../arm-none-eabi/lib/thumb/v7e-m+fp/hard/libnosys.a(sbrk.o)
 .ARM.attributes
                0x0000000000000d27       0x34 /usr/share/gcc-arm-none-eabi-10.3-2021.10/bin/../lib/gcc/arm-none-eabi/10.3.1/../../../../arm-none-eabi/lib/thumb/v7e-m+fp/hard/libnosys.a(write.o)
 .ARM.attributes
                0x0000000000000d5b       0x34 /usr/share/gcc-arm-none-eabi-10.3-2021.10/bin/../lib/gcc/arm-none-eabi/10.3.1/../../../../arm-none-eabi/lib/thumb/v7e-m+fp/hard/libnosys.a(_exit.o)
 .ARM.attributes
                0x0000000000000d8f       0x1e /usr/share/gcc-arm-none-eabi-10.3-2021.10/bin/../lib/gcc/arm-none-eabi/10.3.1/thumb/v7e-m+fp/hard/crtn.o
OUTPUT(build/stm32F4_ax58100_hw.elf elf32-littlearm)
LOAD linker stubs
LOAD /usr/share/gcc-arm-none-eabi-10.3-2021.10/bin/../lib/gcc/arm-none-eabi/10.3.1/../../../../arm-none-eabi/lib/thumb/v7e-m+fp/hard/libc.a
LOAD /usr/share/gcc-arm-none-eabi-10.3-2021.10/bin/../lib/gcc/arm-none-eabi/10.3.1/../../../../arm-none-eabi/lib/thumb/v7e-m+fp/hard/libm.a
LOAD /usr/share/gcc-arm-none-eabi-10.3-2021.10/bin/../lib/gcc/arm-none-eabi/10.3.1/thumb/v7e-m+fp/hard/libgcc.a

.debug_info     0x0000000000000000    0x110b1
 .debug_info    0x0000000000000000      0xe92 build/ecatapp.o
 .debug_info    0x0000000000000e92      0x7eb build/main.o
 .debug_info    0x000000000000167d     0x13f5 build/pdo_override.o
 .debug_info    0x0000000000002a72      0x57c build/misc.o
 .debug_info    0x0000000000002fee      0x7d4 build/stm32f4xx_dma.o
 .debug_info    0x00000000000037c2      0x361 build/stm32f4xx_exti.o
 .debug_info    0x0000000000003b23      0x8b1 build/stm32f4xx_gpio.o
 .debug_info    0x00000000000043d4     0x1007 build/stm32f4xx_rcc.o
 .debug_info    0x00000000000053db      0xda4 build/stm32f4xx_spi.o
 .debug_info    0x000000000000617f      0x2e0 build/stm32f4xx_syscfg.o
 .debug_info    0x000000000000645f      0x49c build/delay.o
 .debug_info    0x00000000000068fb      0xd7a build/stm32f4_discovery.o
 .debug_info    0x0000000000007675      0x661 build/system_stm32f4xx.o
 .debug_info    0x0000000000007cd6      0x46c build/cia402device.o
 .debug_info    0x0000000000008142      0xb08 build/objectlist.o
 .debug_info    0x0000000000008c4a      0xe33 build/esc_hw.o
 .debug_info    0x0000000000009a7d     0x119b build/ecat_slv.o
 .debug_info    0x000000000000ac18     0x1fa5 build/esc.o
 .debug_info    0x000000000000cbbd     0x2d5a build/esc_coe.o
 .debug_info    0x000000000000f917      0x8fa build/esc_irq.o
 .debug_info    0x0000000000010211      0x44c build/rst.o
 .debug_info    0x000000000001065d      0xa32 build/spi.o
 .debug_info    0x000000000001108f       0x22 build/startup_stm32f405xx.o

.debug_abbrev   0x0000000000000000     0x2e74
 .debug_abbrev  0x0000000000000000      0x2bd build/ecatapp.o
 .debug_abbrev  0x00000000000002bd      0x1f7 build/main.o
 .debug_abbrev  0x00000000000004b4      0x2b8 build/pdo_override.o
 .debug_abbrev  0x000000000000076c      0x187 build/misc.o
 .debug_abbrev  0x00000000000008f3      0x180 build/stm32f4xx_dma.o
 .debug_abbrev  0x0000000000000a73      0x1f5 build/stm32f4xx_exti.o
 .debug_abbrev  0x0000000000000c68      0x20e build/stm32f4xx_gpio.o
 .debug_abbrev  0x0000000000000e76      0x204 build/stm32f4xx_rcc.o
 .debug_abbrev  0x000000000000107a      0x1ce build/stm32f4xx_spi.o
 .debug_abbrev  0x0000000000001248      0x175 build/stm32f4xx_syscfg.o
 .debug_abbrev  0x00000000000013bd      0x1ee build/delay.o
 .debug_abbrev  0x00000000000015ab      0x283 build/stm32f4_discovery.o
 .debug_abbrev  0x000000000000182e      0x187 build/system_stm32f4xx.o
 .debug_abbrev  0x00000000000019b5      0x13a build/cia402device.o
 .debug_abbrev  0x0000000000001aef       0xde build/objectlist.o
 .debug_abbrev  0x0000000000001bcd      0x26e build/esc_hw.o
 .debug_abbrev  0x0000000000001e3b      0x349 build/ecat_slv.o
 .debug_abbrev  0x0000000000002184      0x3dc build/esc.o
 .debug_abbrev  0x0000000000002560      0x434 build/esc_coe.o
 .debug_abbrev  0x0000000000002994      0x176 build/esc_irq.o
 .debug_abbrev  0x0000000000002b0a      0x16e build/rst.o
 .debug_abbrev  0x0000000000002c78      0x1ea build/spi.o
 .debug_abbrev  0x0000000000002e62       0x12 build/startup_stm32f405xx.o

.debug_loc      0x0000000000000000     0x5f01
 .debug_loc     0x0000000000000000       0x37 build/ecatapp.o
 .debug_loc     0x0000000000000037       0x63 build/main.o
 .debug_loc     0x000000000000009a       0x25 build/pdo_override.o
 .debug_loc     0x00000000000000bf      0x187 build/misc.o
 .debug_loc     0x0000000000000246      0x4c3 build/stm32f4xx_dma.o
 .debug_loc     0x0000000000000709      0x13d build/stm32f4xx_exti.o
 .debug_loc     0x0000000000000846      0x417 build/stm32f4xx_gpio.o
 .debug_loc     0x0000000000000c5d      0xba6 build/stm32f4xx_rcc.o
 .debug_loc     0x0000000000001803      0x859 build/stm32f4xx_spi.o
 .debug_loc     0x000000000000205c       0x90 build/stm32f4xx_syscfg.o
 .debug_loc     0x00000000000020ec       0x81 build/delay.o
 .debug_loc     0x000000000000216d       0xa1 build/stm32f4_discovery.o
 .debug_loc     0x000000000000220e      0x158 build/system_stm32f4xx.o
 .debug_loc     0x0000000000002366      0x3d3 build/cia402device.o
 .debug_loc     0x0000000000002739      0x1c8 build/esc_hw.o
 .debug_loc     0x0000000000002901      0x401 build/ecat_slv.o
 .debug_loc     0x0000000000002d02      0x7d6 build/esc.o
 .debug_loc     0x00000000000034d8     0x276d build/esc_coe.o
 .debug_loc     0x0000000000005c45      0x2bc build/spi.o

.debug_aranges  0x0000000000000000      0xb00
 .debug_aranges
                0x0000000000000000       0x68 build/ecatapp.o
 .debug_aranges
                0x0000000000000068       0x20 build/main.o
 .debug_aranges
                0x0000000000000088       0x78 build/pdo_override.o
 .debug_aranges
                0x0000000000000100       0x40 build/misc.o
 .debug_aranges
                0x0000000000000140       0xb0 build/stm32f4xx_dma.o
 .debug_aranges
                0x00000000000001f0       0x58 build/stm32f4xx_exti.o
 .debug_aranges
                0x0000000000000248       0x88 build/stm32f4xx_gpio.o
 .debug_aranges
                0x00000000000002d0      0x1c0 build/stm32f4xx_rcc.o
 .debug_aranges
                0x0000000000000490       0xe0 build/stm32f4xx_spi.o
 .debug_aranges
                0x0000000000000570       0x50 build/stm32f4xx_syscfg.o
 .debug_aranges
                0x00000000000005c0       0x50 build/delay.o
 .debug_aranges
                0x0000000000000610       0x58 build/stm32f4_discovery.o
 .debug_aranges
                0x0000000000000668       0x30 build/system_stm32f4xx.o
 .debug_aranges
                0x0000000000000698       0x30 build/cia402device.o
 .debug_aranges
                0x00000000000006c8       0x18 build/objectlist.o
 .debug_aranges
                0x00000000000006e0       0x58 build/esc_hw.o
 .debug_aranges
                0x0000000000000738       0x80 build/ecat_slv.o
 .debug_aranges
                0x00000000000007b8      0x158 build/esc.o
 .debug_aranges
                0x0000000000000910      0x100 build/esc_coe.o
 .debug_aranges
                0x0000000000000a10       0x38 build/esc_irq.o
 .debug_aranges
                0x0000000000000a48       0x40 build/rst.o
 .debug_aranges
                0x0000000000000a88       0x50 build/spi.o
 .debug_aranges
                0x0000000000000ad8       0x28 build/startup_stm32f405xx.o

.debug_ranges   0x0000000000000000      0xaf8
 .debug_ranges  0x0000000000000000       0x58 build/ecatapp.o
 .debug_ranges  0x0000000000000058       0x10 build/main.o
 .debug_ranges  0x0000000000000068       0x68 build/pdo_override.o
 .debug_ranges  0x00000000000000d0       0x30 build/misc.o
 .debug_ranges  0x0000000000000100       0xa0 build/stm32f4xx_dma.o
 .debug_ranges  0x00000000000001a0       0x48 build/stm32f4xx_exti.o
 .debug_ranges  0x00000000000001e8       0x78 build/stm32f4xx_gpio.o
 .debug_ranges  0x0000000000000260      0x1b0 build/stm32f4xx_rcc.o
 .debug_ranges  0x0000000000000410       0xd0 build/stm32f4xx_spi.o